Archive member included to satisfy reference by file (symbol)

C:/Users/victo/Documents/OblitArtsNDS/msys64/opt/devkitpro/libnds/lib\libnds9.a(sprite_alloc.o)
                              template.o (oamAllocateGfx)
C:/Users/victo/Documents/OblitArtsNDS/msys64/opt/devkitpro/libnds/lib\libnds9.a(sprite.o)
                              template.o (oamInit)
C:/Users/victo/Documents/OblitArtsNDS/msys64/opt/devkitpro/libnds/lib\libnds9.a(keys.o)
                              template.o (scanKeys)
C:/Users/victo/Documents/OblitArtsNDS/msys64/opt/devkitpro/libnds/lib\libnds9.a(initSystem.o)
                              c:/users/victo/documents/oblitartsnds/msys64/opt/devkitpro/devkitarm/bin/../lib/gcc/arm-none-eabi/8.3.0/../../../../arm-none-eabi/lib/thumb/ds_arm9_crt0.o (initSystem)
C:/Users/victo/Documents/OblitArtsNDS/msys64/opt/devkitpro/libnds/lib\libnds9.a(timeSupport.o)
                              C:/Users/victo/Documents/OblitArtsNDS/msys64/opt/devkitpro/libnds/lib\libnds9.a(initSystem.o) (__libnds_gtod)
C:/Users/victo/Documents/OblitArtsNDS/msys64/opt/devkitpro/libnds/lib\libnds9.a(securearea.o)
                              c:/users/victo/documents/oblitartsnds/msys64/opt/devkitpro/devkitarm/bin/../lib/gcc/arm-none-eabi/8.3.0/../../../../arm-none-eabi/lib/thumb/ds_arm9_crt0.o (__secure_area__)
C:/Users/victo/Documents/OblitArtsNDS/msys64/opt/devkitpro/libnds/lib\libnds9.a(interrupts.o)
                              C:/Users/victo/Documents/OblitArtsNDS/msys64/opt/devkitpro/libnds/lib\libnds9.a(initSystem.o) (irqInit)
C:/Users/victo/Documents/OblitArtsNDS/msys64/opt/devkitpro/libnds/lib\libnds9.a(libnds_exit.arm.o)
                              c:/users/victo/documents/oblitartsnds/msys64/opt/devkitpro/devkitarm/bin/../lib/gcc/arm-none-eabi/8.3.0/../../../../arm-none-eabi/lib/thumb/ds_arm9_crt0.o (__libnds_exit)
C:/Users/victo/Documents/OblitArtsNDS/msys64/opt/devkitpro/libnds/lib\libnds9.a(fifosystem.o)
                              C:/Users/victo/Documents/OblitArtsNDS/msys64/opt/devkitpro/libnds/lib\libnds9.a(initSystem.o) (fifoSetValue32Handler)
C:/Users/victo/Documents/OblitArtsNDS/msys64/opt/devkitpro/libnds/lib\libnds9.a(dcache.o)
                              C:/Users/victo/Documents/OblitArtsNDS/msys64/opt/devkitpro/libnds/lib\libnds9.a(sprite.o) (DC_FlushRange)
C:/Users/victo/Documents/OblitArtsNDS/msys64/opt/devkitpro/libnds/lib\libnds9.a(mpu_setup.o)
                              c:/users/victo/documents/oblitartsnds/msys64/opt/devkitpro/devkitarm/bin/../lib/gcc/arm-none-eabi/8.3.0/../../../../arm-none-eabi/lib/thumb/ds_arm9_crt0.o (__libnds_mpu_setup)
C:/Users/victo/Documents/OblitArtsNDS/msys64/opt/devkitpro/libnds/lib\libnds9.a(IntrWait.o)
                              template.o (swiWaitForVBlank)
C:/Users/victo/Documents/OblitArtsNDS/msys64/opt/devkitpro/libnds/lib\libnds9.a(cpu_clock.o)
                              C:/Users/victo/Documents/OblitArtsNDS/msys64/opt/devkitpro/libnds/lib\libnds9.a(initSystem.o) (setCpuClock)
C:/Users/victo/Documents/OblitArtsNDS/msys64/opt/devkitpro/libnds/lib\libnds9.a(interruptDispatcher.o)
                              C:/Users/victo/Documents/OblitArtsNDS/msys64/opt/devkitpro/libnds/lib\libnds9.a(interrupts.o) (IntrMain)
C:/Users/victo/Documents/OblitArtsNDS/msys64/opt/devkitpro/libnds/lib\libnds9.a(swiSoftReset.o)
                              C:/Users/victo/Documents/OblitArtsNDS/msys64/opt/devkitpro/libnds/lib\libnds9.a(fifosystem.o) (swiSoftReset)
C:/Users/victo/Documents/OblitArtsNDS/msys64/opt/devkitpro/libnds/lib\libnds9.a(video.o)
                              C:/Users/victo/Documents/OblitArtsNDS/msys64/opt/devkitpro/libnds/lib\libnds9.a(initSystem.o) (vramDefault)
C:/Users/victo/Documents/OblitArtsNDS/msys64/opt/devkitpro/libnds/lib\libnds9.a(system.o)
                              C:/Users/victo/Documents/OblitArtsNDS/msys64/opt/devkitpro/libnds/lib\libnds9.a(initSystem.o) (systemValueHandler)
C:/Users/victo/Documents/OblitArtsNDS/msys64/opt/devkitpro/libnds/lib\libnds9.a(trig.o)
                              C:/Users/victo/Documents/OblitArtsNDS/msys64/opt/devkitpro/libnds/lib\libnds9.a(sprite.o) (sinLerp)
C:/Users/victo/Documents/OblitArtsNDS/msys64/opt/devkitpro/libnds/lib\libnds9.a(biosCalls.o)
                              C:/Users/victo/Documents/OblitArtsNDS/msys64/opt/devkitpro/libnds/lib\libnds9.a(system.o) (swiDelay)
c:/users/victo/documents/oblitartsnds/msys64/opt/devkitpro/devkitarm/bin/../lib/gcc/arm-none-eabi/8.3.0/thumb\libgcc.a(_udivsi3.o)
                              template.o (__aeabi_uidivmod)
c:/users/victo/documents/oblitartsnds/msys64/opt/devkitpro/devkitarm/bin/../lib/gcc/arm-none-eabi/8.3.0/thumb\libgcc.a(_divsi3.o)
                              template.o (__aeabi_idivmod)
c:/users/victo/documents/oblitartsnds/msys64/opt/devkitpro/devkitarm/bin/../lib/gcc/arm-none-eabi/8.3.0/thumb\libgcc.a(_dvmd_tls.o)
[...]
Memory Configuration

Name             Origin             Length             Attributes
ewram            0x0000000002000000 0x0000000000380000
dtcm             0x000000000b000000 0x0000000000004000
vectors          0x0000000001000000 0x0000000000000100
itcm             0x0000000001000100 0x0000000000007f00
*default*        0x0000000000000000 0xffffffffffffffff

Linker script and memory map

                0x0000000002380000                __ewram_end = (ORIGIN (ewram) + LENGTH (ewram))
                0x0000000002380000                __eheap_end = (ORIGIN (ewram) + LENGTH (ewram))
                0x000000000b004000                __dtcm_top = (ORIGIN (dtcm) + LENGTH (dtcm))
                0x000000000b003ff8                __irq_flags = (__dtcm_top - 0x8)
                0x000000000b003ffc                __irq_vector = (__dtcm_top - 0x4)
                0x000000000b003f00                __sp_svc = (__dtcm_top - 0x100)
                0x000000000b003e00                __sp_irq = (__sp_svc - 0x100)
                0x000000000b003d00                __sp_usr = (__sp_irq - 0x100)

.secure         0x0000000002000000      0x800
 *(.secure)
 .secure        0x0000000002000000      0x800 C:/Users/victo/Documents/OblitArtsNDS/msys64/opt/devkitpro/libnds/lib\libnds9.a(securearea.o)
                0x0000000002000000                __secure_area__

.crt0           0x0000000002000800      0x300
                0x0000000002000800                __text_start = .
 *(.crt0)
 .crt0          0x0000000002000800      0x300 c:/users/victo/documents/oblitartsnds/msys64/opt/devkitpro/devkitarm/bin/../lib/gcc/arm-none-eabi/8.3.0/../../../../arm-none-eabi/lib/thumb/ds_arm9_crt0.o
                0x0000000002000800                _start
                0x0000000002000b00                . = ALIGN (0x4)

.plt
 *(.plt)

.init           0x0000000002000b00        0xc
 *(SORT_NONE(.init))
 .init          0x0000000002000b00        0x4 c:/users/victo/documents/oblitartsnds/msys64/opt/devkitpro/devkitarm/bin/../lib/gcc/arm-none-eabi/8.3.0/thumb/crti.o
                0x0000000002000b00                _init
 .init          0x0000000002000b04        0x8 c:/users/victo/documents/oblitartsnds/msys64/opt/devkitpro/devkitarm/bin/../lib/gcc/arm-none-eabi/8.3.0/thumb/crtn.o

.text           0x0000000002000b10     0x2d68
 *(EXCLUDE_FILE(*.twl* *.vectors* *.itcm*) .text)
 .text          0x0000000002000b10      0x204 template.o
                0x0000000002000b10                initPipeSprites
                0x0000000002000b7c                drawPipe
                0x0000000002000bcc                initBirdSprites
                0x0000000002000c38                drawBird
                0x0000000002000c8c                moveBirdUp
                0x0000000002000cac                moveBirdDown
                0x0000000002000ccc                CheckPosition
                0x0000000002000ce8                numPositions
                0x0000000002000cec                updateBirdPosition
                0x0000000002000d04                nextBirdAnimationFrame
 .text          0x0000000002000d14      0x150 c:/users/victo/documents/oblitartsnds/msys64/opt/devkitpro/devkitarm/bin/../lib/gcc/arm-none-eabi/8.3.0/thumb\libgcc.a(_divsi3.o)
                0x0000000002000d14                __divsi3
                0x0000000002000d14                __aeabi_idiv
                0x0000000002000e44                __aeabi_idivmod
 .text          0x0000000002000e64        0x4 c:/users/victo/documents/oblitartsnds/msys64/opt/devkitpro/devkitarm/bin/../lib/gcc/arm-none-eabi/8.3.0/thumb\libgcc.a(_dvmd_tls.o)
                0x0000000002000e64                __aeabi_idiv0
                0x0000000002000e64                __aeabi_ldiv0
 *(EXCLUDE_FILE(*.twl* *.vectors* *.itcm*) .stub)
 *(EXCLUDE_FILE(*.twl* *.vectors* *.itcm*) .text.*)
 .text.deregister_tm_clones
                0x0000000002000e68       0x2c c:/users/victo/documents/oblitartsnds/msys64/opt/devkitpro/devkitarm/bin/../lib/gcc/arm-none-eabi/8.3.0/thumb/crtbegin.o
 .text.register_tm_clones
                0x0000000002000e94       0x34 c:/users/victo/documents/oblitartsnds/msys64/opt/devkitpro/devkitarm/bin/../lib/gcc/arm-none-eabi/8.3.0/thumb/crtbegin.o
 .text.__do_global_dtors_aux
                0x0000000002000ec8       0x30 c:/users/victo/documents/oblitartsnds/msys64/opt/devkitpro/devkitarm/bin/../lib/gcc/arm-none-eabi/8.3.0/thumb/crtbegin.o
 .text.frame_dummy
                0x0000000002000ef8       0x28 c:/users/victo/documents/oblitartsnds/msys64/opt/devkitpro/devkitarm/bin/../lib/gcc/arm-none-eabi/8.3.0/thumb/crtbegin.o
 .text.startup  0x0000000002000f20      0x1b8 template.o
                0x0000000002000f20                main
 .text.getAllocHeader
                0x00000000020010d8       0x28 C:/Users/victo/Documents/OblitArtsNDS/msys64/opt/devkitpro/libnds/lib\libnds9.a(sprite_alloc.o)
 .text.oamAllocReset
                0x0000000002001100       0x1c C:/Users/victo/Documents/OblitArtsNDS/msys64/opt/devkitpro/libnds/lib\libnds9.a(sprite_alloc.o)
                0x0000000002001100                oamAllocReset
 .text.oamAllocateGfx
                0x000000000200111c      0x224 C:/Users/victo/Documents/OblitArtsNDS/msys64/opt/devkitpro/libnds/lib\libnds9.a(sprite_alloc.o)
                0x000000000200111c                oamAllocateGfx
 .text.oamInit  0x0000000002001340      0x11c C:/Users/victo/Documents/OblitArtsNDS/msys64/opt/devkitpro/libnds/lib\libnds9.a(sprite.o)
                0x0000000002001340                oamInit
 .text.oamGetGfxPtr
                0x000000000200145c       0x38 C:/Users/victo/Documents/OblitArtsNDS/msys64/opt/devkitpro/libnds/lib\libnds9.a(sprite.o)
                0x000000000200145c                oamGetGfxPtr
 .text.oamGfxPtrToOffset
                0x0000000002001494       0x34 C:/Users/victo/Documents/OblitArtsNDS/msys64/opt/devkitpro/libnds/lib\libnds9.a(sprite.o)
                0x0000000002001494                oamGfxPtrToOffset
 .text.oamSet   0x00000000020014c8      0x148 C:/Users/victo/Documents/OblitArtsNDS/msys64/opt/devkitpro/libnds/lib\libnds9.a(sprite.o)
                0x00000000020014c8                oamSet
 .text.oamUpdate
                0x0000000002001610       0x60 C:/Users/victo/Documents/OblitArtsNDS/msys64/opt/devkitpro/libnds/lib\libnds9.a(sprite.o)
                0x0000000002001610                oamUpdate
 .text.scanKeys
                0x0000000002001670       0x8c C:/Users/victo/Documents/OblitArtsNDS/msys64/opt/devkitpro/libnds/lib\libnds9.a(keys.o)
                0x0000000002001670                scanKeys
 .text.keysDown
                0x00000000020016fc       0x14 C:/Users/victo/Documents/OblitArtsNDS/msys64/opt/devkitpro/libnds/lib\libnds9.a(keys.o)
                0x00000000020016fc                keysDown
 .text.initSystem
                0x0000000002001710      0x198 C:/Users/victo/Documents/OblitArtsNDS/msys64/opt/devkitpro/libnds/lib\libnds9.a(initSystem.o)
                0x0000000002001710                initSystem
 .text.__libnds_gtod
                0x00000000020018a8       0x28 C:/Users/victo/Documents/OblitArtsNDS/msys64/opt/devkitpro/libnds/lib\libnds9.a(timeSupport.o)
                0x00000000020018a8                __libnds_gtod
 .text.irqDummy
                0x00000000020018d0        0x4 C:/Users/victo/Documents/OblitArtsNDS/msys64/opt/devkitpro/libnds/lib\libnds9.a(interrupts.o)
                0x00000000020018d0                irqDummy
 .text.irqSet   0x00000000020018d4       0x6c C:/Users/victo/Documents/OblitArtsNDS/msys64/opt/devkitpro/libnds/lib\libnds9.a(interrupts.o)
                0x00000000020018d4                irqSet
 .text.irqInit  0x0000000002001940       0x50 C:/Users/victo/Documents/OblitArtsNDS/msys64/opt/devkitpro/libnds/lib\libnds9.a(interrupts.o)
                0x0000000002001940                irqInit
 .text.irqEnable
                0x0000000002001990       0x64 C:/Users/victo/Documents/OblitArtsNDS/msys64/opt/devkitpro/libnds/lib\libnds9.a(interrupts.o)
                0x0000000002001990                irqEnable
 .text.systemErrorExit
                0x00000000020019f4        0x4 C:/Users/victo/Documents/OblitArtsNDS/msys64/opt/devkitpro/libnds/lib\libnds9.a(libnds_exit.arm.o)
                0x00000000020019f4                systemErrorExit
 .text.__libnds_exit
                0x00000000020019f8       0x5c C:/Users/victo/Documents/OblitArtsNDS/msys64/opt/devkitpro/libnds/lib\libnds9.a(libnds_exit.arm.o)
                0x00000000020019f8                __libnds_exit
 .text.fifo_waitBlock
                0x0000000002001a54       0x80 C:/Users/victo/Documents/OblitArtsNDS/msys64/opt/devkitpro/libnds/lib\libnds9.a(fifosystem.o)
 .text.fifo_queueBlock
                0x0000000002001ad4       0x40 C:/Users/victo/Documents/OblitArtsNDS/msys64/opt/devkitpro/libnds/lib\libnds9.a(fifosystem.o)
 .text.fifoInternalSendInterrupt
                0x0000000002001b14       0xac C:/Users/victo/Documents/OblitArtsNDS/msys64/opt/devkitpro/libnds/lib\libnds9.a(fifosystem.o)
 .text.fifoInternalSend.part.2
                0x0000000002001bc0       0xd4 C:/Users/victo/Documents/OblitArtsNDS/msys64/opt/devkitpro/libnds/lib\libnds9.a(fifosystem.o)
 .text.fifoGetValue32.part.3
                0x0000000002001c94       0x74 C:/Users/victo/Documents/OblitArtsNDS/msys64/opt/devkitpro/libnds/lib\libnds9.a(fifosystem.o)
 .text.fifoSetValue32Handler
                0x0000000002001d08       0x78 C:/Users/victo/Documents/OblitArtsNDS/msys64/opt/devkitpro/libnds/lib\libnds9.a(fifosystem.o)
                0x0000000002001d08                fifoSetValue32Handler
 .text.fifoSendValue32
                0x0000000002001d80       0x4c C:/Users/victo/Documents/OblitArtsNDS/msys64/opt/devkitpro/libnds/lib\libnds9.a(fifosystem.o)
                0x0000000002001d80                fifoSendValue32
 .text.fifoGetDatamsg
                0x0000000002001dcc      0x138 C:/Users/victo/Documents/OblitArtsNDS/msys64/opt/devkitpro/libnds/lib\libnds9.a(fifosystem.o)
                0x0000000002001dcc                fifoGetDatamsg
 .text.fifoInternalRecvInterrupt
                0x0000000002001f04      0x3dc C:/Users/victo/Documents/OblitArtsNDS/msys64/opt/devkitpro/libnds/lib\libnds9.a(fifosystem.o)
 .text.fifoSetDatamsgHandler
                0x00000000020022e0       0x9c C:/Users/victo/Documents/OblitArtsNDS/msys64/opt/devkitpro/libnds/lib\libnds9.a(fifosystem.o)
                0x00000000020022e0                fifoSetDatamsgHandler
 .text.fifoInit
                0x000000000200237c      0x104 C:/Users/victo/Documents/OblitArtsNDS/msys64/opt/devkitpro/libnds/lib\libnds9.a(fifosystem.o)
                0x000000000200237c                fifoInit
 .text.DC_FlushRange
                0x0000000002002480       0x24 C:/Users/victo/Documents/OblitArtsNDS/msys64/opt/devkitpro/libnds/lib\libnds9.a(dcache.o)
                0x0000000002002480                DC_FlushRange
 .text.__libnds_mpu_setup
                0x00000000020024a4      0x174 C:/Users/victo/Documents/OblitArtsNDS/msys64/opt/devkitpro/libnds/lib\libnds9.a(mpu_setup.o)
                0x00000000020024a4                __libnds_mpu_setup
 .text.memUncached
                0x0000000002002618       0x20 C:/Users/victo/Documents/OblitArtsNDS/msys64/opt/devkitpro/libnds/lib\libnds9.a(mpu_setup.o)
                0x0000000002002618                memUncached
 .text.swiWaitForVBlank
                0x0000000002002638        0x8 C:/Users/victo/Documents/OblitArtsNDS/msys64/opt/devkitpro/libnds/lib\libnds9.a(IntrWait.o)
                0x0000000002002638                swiWaitForVBlank
 .text.swiIntrWait
                0x0000000002002640       0x70 C:/Users/victo/Documents/OblitArtsNDS/msys64/opt/devkitpro/libnds/lib\libnds9.a(IntrWait.o)
                0x0000000002002640                swiIntrWait
 .text.setCpuClock
                0x00000000020026b0       0x50 C:/Users/victo/Documents/OblitArtsNDS/msys64/opt/devkitpro/libnds/lib\libnds9.a(cpu_clock.o)
                0x00000000020026b0                setCpuClock
 .text.swiSoftReset
                0x0000000002002700       0x2c C:/Users/victo/Documents/OblitArtsNDS/msys64/opt/devkitpro/libnds/lib\libnds9.a(swiSoftReset.o)
                0x0000000002002700                swiSoftReset
 .text.vramDefault
                0x000000000200272c       0xd0 C:/Users/victo/Documents/OblitArtsNDS/msys64/opt/devkitpro/libnds/lib\libnds9.a(video.o)
                0x000000000200272c                vramDefault
 .text.systemValueHandler
                0x00000000020027fc       0x48 C:/Users/victo/Documents/OblitArtsNDS/msys64/opt/devkitpro/libnds/lib\libnds9.a(system.o)
                0x00000000020027fc                systemValueHandler
 .text.systemMsgHandler
                0x0000000002002844       0x5c C:/Users/victo/Documents/OblitArtsNDS/msys64/opt/devkitpro/libnds/lib\libnds9.a(system.o)
                0x0000000002002844                systemMsgHandler
 .text.powerOn  0x00000000020028a0       0x2c C:/Users/victo/Documents/OblitArtsNDS/msys64/opt/devkitpro/libnds/lib\libnds9.a(system.o)
                0x00000000020028a0                powerOn
 .text.swiDelay
                0x00000000020028cc        0x4 C:/Users/victo/Documents/OblitArtsNDS/msys64/opt/devkitpro/libnds/lib\libnds9.a(biosCalls.o)
                0x00000000020028cc                swiDelay
 .text.__libc_init_array
                0x00000000020028d0       0x50 c:/users/victo/documents/oblitartsnds/msys64/opt/devkitpro/devkitarm/bin/../lib/gcc/arm-none-eabi/8.3.0/../../../../arm-none-eabi/lib/thumb\libg.a(lib_a-init.o)
                0x00000000020028d0                __libc_init_array
 .text.malloc   0x0000000002002920       0x14 c:/users/victo/documents/oblitartsnds/msys64/opt/devkitpro/devkitarm/bin/../lib/gcc/arm-none-eabi/8.3.0/../../../../arm-none-eabi/lib/thumb\libg.a(lib_a-malloc.o)
                0x0000000002002920                malloc
 .text.free     0x0000000002002934       0x14 c:/users/victo/documents/oblitartsnds/msys64/opt/devkitpro/devkitarm/bin/../lib/gcc/arm-none-eabi/8.3.0/../../../../arm-none-eabi/lib/thumb\libg.a(lib_a-malloc.o)
                0x0000000002002934                free
 .text._malloc_r
                0x0000000002002948      0x594 c:/users/victo/documents/oblitartsnds/msys64/opt/devkitpro/devkitarm/bin/../lib/gcc/arm-none-eabi/8.3.0/../../../../arm-none-eabi/lib/thumb\libg.a(lib_a-mallocr.o)
                0x0000000002002948                _malloc_r
 .text.memcpy   0x0000000002002edc       0xac c:/users/victo/documents/oblitartsnds/msys64/opt/devkitpro/devkitarm/bin/../lib/gcc/arm-none-eabi/8.3.0/../../../../arm-none-eabi/lib/thumb\libg.a(lib_a-memcpy-stub.o)
                0x0000000002002edc                memcpy
 .text.memset   0x0000000002002f88       0xb0 c:/users/victo/documents/oblitartsnds/msys64/opt/devkitpro/devkitarm/bin/../lib/gcc/arm-none-eabi/8.3.0/../../../../arm-none-eabi/lib/thumb\libg.a(lib_a-memset.o)
                0x0000000002002f88                memset
 .text.__malloc_lock
                0x0000000002003038       0x14 c:/users/victo/documents/oblitartsnds/msys64/opt/devkitpro/devkitarm/bin/../lib/gcc/arm-none-eabi/8.3.0/../../../../arm-none-eabi/lib/thumb\libg.a(lib_a-mlock.o)
                0x0000000002003038                __malloc_lock
 .text.__malloc_unlock
                0x000000000200304c       0x14 c:/users/victo/documents/oblitartsnds/msys64/opt/devkitpro/devkitarm/bin/../lib/gcc/arm-none-eabi/8.3.0/../../../../arm-none-eabi/lib/thumb\libg.a(lib_a-mlock.o)
                0x000000000200304c                __malloc_unlock
 .text.realloc  0x0000000002003060       0x18 c:/users/victo/documents/oblitartsnds/msys64/opt/devkitpro/devkitarm/bin/../lib/gcc/arm-none-eabi/8.3.0/../../../../arm-none-eabi/lib/thumb\libg.a(lib_a-realloc.o)
                0x0000000002003060                realloc
 .text._realloc_r
                0x0000000002003078      0x370 c:/users/victo/documents/oblitartsnds/msys64/opt/devkitpro/devkitarm/bin/../lib/gcc/arm-none-eabi/8.3.0/../../../../arm-none-eabi/lib/thumb\libg.a(lib_a-reallocr.o)
                0x0000000002003078                _realloc_r
 .text._malloc_trim_r
                0x00000000020033e8       0xa4 c:/users/victo/documents/oblitartsnds/msys64/opt/devkitpro/devkitarm/bin/../lib/gcc/arm-none-eabi/8.3.0/../../../../arm-none-eabi/lib/thumb\libg.a(lib_a-freer.o)
                0x00000000020033e8                _malloc_trim_r
 .text._free_r  0x000000000200348c      0x1e0 c:/users/victo/documents/oblitartsnds/msys64/opt/devkitpro/devkitarm/bin/../lib/gcc/arm-none-eabi/8.3.0/../../../../arm-none-eabi/lib/thumb\libg.a(lib_a-freer.o)
                0x000000000200348c                _free_r
 .text.memmove  0x000000000200366c       0xb4 c:/users/victo/documents/oblitartsnds/msys64/opt/devkitpro/devkitarm/bin/../lib/gcc/arm-none-eabi/8.3.0/../../../../arm-none-eabi/lib/thumb\libg.a(lib_a-memmove.o)
                0x000000000200366c                memmove
 .text._sbrk_r  0x0000000002003720       0x54 c:/users/victo/documents/oblitartsnds/msys64/opt/devkitpro/devkitarm/bin/../lib/gcc/arm-none-eabi/8.3.0/../../../../arm-none-eabi/lib/thumb\libsysbase.a(sbrk.o)
                0x0000000002003720                _sbrk_r
 .text.build_argv
                0x0000000002003774       0x4c c:/users/victo/documents/oblitartsnds/msys64/opt/devkitpro/devkitarm/bin/../lib/gcc/arm-none-eabi/8.3.0/../../../../arm-none-eabi/lib/thumb\libsysbase.a(build_argv.o)
                0x0000000002003774                build_argv
 .text.__libc_lock_acquire_recursive
                0x00000000020037c0       0x1c c:/users/victo/documents/oblitartsnds/msys64/opt/devkitpro/devkitarm/bin/../lib/gcc/arm-none-eabi/8.3.0/../../../../arm-none-eabi/lib/thumb\libsysbase.a(syscall_support.o)
                0x00000000020037c0                __libc_lock_acquire_recursive
 .text.__libc_lock_release_recursive
                0x00000000020037dc       0x1c c:/users/victo/documents/oblitartsnds/msys64/opt/devkitpro/devkitarm/bin/../lib/gcc/arm-none-eabi/8.3.0/../../../../arm-none-eabi/lib/thumb\libsysbase.a(syscall_support.o)
                0x00000000020037dc                __libc_lock_release_recursive
 .text.__getreent
                0x00000000020037f8       0x28 c:/users/victo/documents/oblitartsnds/msys64/opt/devkitpro/devkitarm/bin/../lib/gcc/arm-none-eabi/8.3.0/../../../../arm-none-eabi/lib/thumb\libsysbase.a(getreent.o)
                0x00000000020037f8                __getreent
 .text.__getreent.__stub
                0x0000000002003820       0x50 linker stubs
 *(EXCLUDE_FILE(*.twl*) .gnu.warning)
 *(EXCLUDE_FILE(*.twl*) .gnu.linkonce.t*)
 *(.glue_7)
 .glue_7        0x0000000002003878        0x0 linker stubs
 *(.glue_7t)
 .glue_7t       0x0000000002003878        0x0 linker stubs
                0x0000000002003878                . = ALIGN (0x4)

.vfp11_veneer   0x0000000002003878        0x0
 .vfp11_veneer  0x0000000002003878        0x0 linker stubs

.v4_bx          0x0000000002003878        0x0
 .v4_bx         0x0000000002003878        0x0 linker stubs

.iplt           0x0000000002003878        0x0
 .iplt          0x0000000002003878        0x0 c:/users/victo/documents/oblitartsnds/msys64/opt/devkitpro/devkitarm/bin/../lib/gcc/arm-none-eabi/8.3.0/../../../../arm-none-eabi/lib/thumb/ds_arm9_crt0.o

.fini           0x0000000002003878        0xc
 *(.fini)
 .fini          0x0000000002003878        0x4 c:/users/victo/documents/oblitartsnds/msys64/opt/devkitpro/devkitarm/bin/../lib/gcc/arm-none-eabi/8.3.0/thumb/crti.o
                0x0000000002003878                _fini
 .fini          0x000000000200387c        0x8 c:/users/victo/documents/oblitartsnds/msys64/opt/devkitpro/devkitarm/bin/../lib/gcc/arm-none-eabi/8.3.0/thumb/crtn.o
                0x0000000002003884                __text_end = .

.rodata         0x0000000002003884     0x2618
 *(EXCLUDE_FILE(*.twl*) .rodata)
 .rodata        0x0000000002003884     0x2600 flappy_yellow.o
                0x0000000002003884                flappy_yellowTiles
                0x0000000002005c84                flappy_yellowPal
 .rodata        0x0000000002005e84       0x18 template.o
 *all.rodata*(*)
 *(EXCLUDE_FILE(*.twl*) .roda)
 *(EXCLUDE_FILE(*.twl*) .rodata.*)
 *(EXCLUDE_FILE(*.twl*) .gnu.linkonce.r*)
                0x0000000002005e9c                . = ALIGN (0x4)

.ARM.extab
 *(.ARM.extab* .gnu.linkonce.armextab.*)
                0x0000000002005e9c                __exidx_start = .

ARM.exidx
 *(.ARM.exidx* .gnu.linkonce.armexidx.*)
                0x0000000002005e9c                __exidx_end = .
                0x0000000002005e9c                . = ALIGN (0x4)
                0x0000000002005e9c                PROVIDE (__preinit_array_start = .)

.preinit_array
 *(.preinit_array)
                0x0000000002005e9c                PROVIDE (__preinit_array_end = .)
                0x0000000002005e9c                PROVIDE (__init_array_start = .)

.init_array     0x0000000002005e9c        0x4
 *(SORT_BY_NAME(.init_array.*))
 *(.init_array)
 .init_array    0x0000000002005e9c        0x4 c:/users/victo/documents/oblitartsnds/msys64/opt/devkitpro/devkitarm/bin/../lib/gcc/arm-none-eabi/8.3.0/thumb/crtbegin.o
                0x0000000002005ea0                PROVIDE (__init_array_end = .)
                [!provide]                        PROVIDE (__fini_array_start = .)

.fini_array     0x0000000002005ea0        0x4
 *(.fini_array)
 .fini_array    0x0000000002005ea0        0x4 c:/users/victo/documents/oblitartsnds/msys64/opt/devkitpro/devkitarm/bin/../lib/gcc/arm-none-eabi/8.3.0/thumb/crtbegin.o
 *(SORT_BY_NAME(.fini_array.*))
                [!provide]                        PROVIDE (__fini_array_end = .)

.ctors          0x0000000002005ea4        0x0
 *crtbegin.o(.ctors)
 *(EXCLUDE_FILE(*crtend.o) .ctors)
 *(SORT_BY_NAME(.ctors.*))
 *(.ctors)
                0x0000000002005ea4                . = ALIGN (0x4)

.dtors          0x0000000002005ea4        0x0
 *crtbegin.o(.dtors)
 *(EXCLUDE_FILE(*crtend.o) .dtors)
 *(SORT_BY_NAME(.dtors.*))
 *(.dtors)
                0x0000000002005ea4                . = ALIGN (0x4)

.eh_frame       0x0000000002005ea4        0x4
 *(.eh_frame)
 .eh_frame      0x0000000002005ea4        0x0 c:/users/victo/documents/oblitartsnds/msys64/opt/devkitpro/devkitarm/bin/../lib/gcc/arm-none-eabi/8.3.0/thumb/crtbegin.o
 .eh_frame      0x0000000002005ea4        0x4 c:/users/victo/documents/oblitartsnds/msys64/opt/devkitpro/devkitarm/bin/../lib/gcc/arm-none-eabi/8.3.0/thumb/crtend.o
                0x0000000002005ea8                . = ALIGN (0x4)

.rel.dyn        0x0000000002005ea8        0x0
 .rel.iplt      0x0000000002005ea8        0x0 c:/users/victo/documents/oblitartsnds/msys64/opt/devkitpro/devkitarm/bin/../lib/gcc/arm-none-eabi/8.3.0/../../../../arm-none-eabi/lib/thumb/ds_arm9_crt0.o

.gcc_except_table
                0x0000000002005ea8        0x0
 *(.gcc_except_table)
                0x0000000002005ea8                . = ALIGN (0x4)

.jcr
 *(.jcr)

.got
 *(.got.plt)
 *(.got)
 *(.rel.got)

.ewram          0x0000000002005ea8        0x0
                0x0000000002005ea8                __ewram_start = ABSOLUTE (.)
 *(.ewram)
 *ewram.*(.text)
                0x0000000002005ea8                . = ALIGN (0x4)

.data           0x0000000002005ea8      0x900
                0x0000000002005ea8                __data_start = ABSOLUTE (.)
 *(EXCLUDE_FILE(*.twl*) .data)
 .data          0x0000000002005ea8       0x10 template.o
                0x0000000002005ea8                bird_positions
 .data          0x0000000002005eb8       0x28 C:/Users/victo/Documents/OblitArtsNDS/msys64/opt/devkitpro/libnds/lib\libnds9.a(mpu_setup.o)
 *(EXCLUDE_FILE(*.twl*) .data.*)
 .data.oamMain  0x0000000002005ee0       0x18 C:/Users/victo/Documents/OblitArtsNDS/msys64/opt/devkitpro/libnds/lib\libnds9.a(sprite.o)
                0x0000000002005ee0                oamMain
 .data.oamSub   0x0000000002005ef8       0x18 C:/Users/victo/Documents/OblitArtsNDS/msys64/opt/devkitpro/libnds/lib\libnds9.a(sprite.o)
                0x0000000002005ef8                oamSub
 .data.count    0x0000000002005f10        0x1 C:/Users/victo/Documents/OblitArtsNDS/msys64/opt/devkitpro/libnds/lib\libnds9.a(keys.o)
 .data.delay    0x0000000002005f11        0x1 C:/Users/victo/Documents/OblitArtsNDS/msys64/opt/devkitpro/libnds/lib\libnds9.a(keys.o)
 .data.repeat   0x0000000002005f12        0x1 C:/Users/victo/Documents/OblitArtsNDS/msys64/opt/devkitpro/libnds/lib\libnds9.a(keys.o)
 *fill*         0x0000000002005f13        0x1 ff
 .data.fifo_buffer_free
                0x0000000002005f14        0x4 C:/Users/victo/Documents/OblitArtsNDS/msys64/opt/devkitpro/libnds/lib\libnds9.a(fifosystem.o)
                0x0000000002005f14                fifo_buffer_free
 .data.fifo_freewords
                0x0000000002005f18        0x4 C:/Users/victo/Documents/OblitArtsNDS/msys64/opt/devkitpro/libnds/lib\libnds9.a(fifosystem.o)
                0x0000000002005f18                fifo_freewords
 .data.fifo_receive_queue
                0x0000000002005f1c        0x4 C:/Users/victo/Documents/OblitArtsNDS/msys64/opt/devkitpro/libnds/lib\libnds9.a(fifosystem.o)
                0x0000000002005f1c                fifo_receive_queue
 .data.fifo_send_queue
                0x0000000002005f20        0x4 C:/Users/victo/Documents/OblitArtsNDS/msys64/opt/devkitpro/libnds/lib\libnds9.a(fifosystem.o)
                0x0000000002005f20                fifo_send_queue
 .data.__malloc_av_
                0x0000000002005f24      0x408 c:/users/victo/documents/oblitartsnds/msys64/opt/devkitpro/devkitarm/bin/../lib/gcc/arm-none-eabi/8.3.0/../../../../arm-none-eabi/lib/thumb\libg.a(lib_a-mallocr.o)
                0x0000000002005f24                __malloc_av_
 .data.__malloc_sbrk_base
                0x000000000200632c        0x4 c:/users/victo/documents/oblitartsnds/msys64/opt/devkitpro/devkitarm/bin/../lib/gcc/arm-none-eabi/8.3.0/../../../../arm-none-eabi/lib/thumb\libg.a(lib_a-mallocr.o)
                0x000000000200632c                __malloc_sbrk_base
 .data.__malloc_trim_threshold
                0x0000000002006330        0x4 c:/users/victo/documents/oblitartsnds/msys64/opt/devkitpro/devkitarm/bin/../lib/gcc/arm-none-eabi/8.3.0/../../../../arm-none-eabi/lib/thumb\libg.a(lib_a-mallocr.o)
                0x0000000002006330                __malloc_trim_threshold
 .data.__malloc_recursive_mutex
                0x0000000002006334        0xc c:/users/victo/documents/oblitartsnds/msys64/opt/devkitpro/devkitarm/bin/../lib/gcc/arm-none-eabi/8.3.0/../../../../arm-none-eabi/lib/thumb\libg.a(lib_a-mlock.o)
 .data._impure_ptr
                0x0000000002006340        0x4 c:/users/victo/documents/oblitartsnds/msys64/opt/devkitpro/devkitarm/bin/../lib/gcc/arm-none-eabi/8.3.0/../../../../arm-none-eabi/lib/thumb\libg.a(lib_a-impure.o)
                0x0000000002006340                _impure_ptr
 *fill*         0x0000000002006344        0x4 ff
 .data.impure_data
                0x0000000002006348      0x460 c:/users/victo/documents/oblitartsnds/msys64/opt/devkitpro/devkitarm/bin/../lib/gcc/arm-none-eabi/8.3.0/../../../../arm-none-eabi/lib/thumb\libg.a(lib_a-impure.o)
 *(EXCLUDE_FILE(*.twl*) .gnu.linkonce.d*)
                0x00000000020067a8                . = ALIGN (0x4)
                0x00000000020067a8                __data_end = ABSOLUTE (.)
                0x00000000020067a8                __bss_vma = .

.igot.plt       0x00000000020067a8        0x0
 .igot.plt      0x00000000020067a8        0x0 c:/users/victo/documents/oblitartsnds/msys64/opt/devkitpro/devkitarm/bin/../lib/gcc/arm-none-eabi/8.3.0/../../../../arm-none-eabi/lib/thumb/ds_arm9_crt0.o

.tm_clone_table
                0x00000000020067a8        0x0
 .tm_clone_table
                0x00000000020067a8        0x0 c:/users/victo/documents/oblitartsnds/msys64/opt/devkitpro/devkitarm/bin/../lib/gcc/arm-none-eabi/8.3.0/thumb/crtbegin.o
 .tm_clone_table
                0x00000000020067a8        0x0 c:/users/victo/documents/oblitartsnds/msys64/opt/devkitpro/devkitarm/bin/../lib/gcc/arm-none-eabi/8.3.0/thumb/crtend.o

.dtcm           0x000000000b000000        0x0 load address 0x00000000020067a8
                0x00000000020067a8                __dtcm_lma = LOADADDR (.dtcm)
                0x000000000b000000                __dtcm_start = ABSOLUTE (.)
 *(.dtcm)
 *(.dtcm.*)
                0x000000000b000000                . = ALIGN (0x4)
                0x000000000b000000                __dtcm_end = ABSOLUTE (.)

.itcm           0x0000000001000100      0x194 load address 0x00000000020067a8
                0x00000000020067a8                __itcm_lma = LOADADDR (.itcm)
                0x0000000001000100                __itcm_start = ABSOLUTE (.)
 *(.itcm)
 .itcm          0x0000000001000100       0xc8 C:/Users/victo/Documents/OblitArtsNDS/msys64/opt/devkitpro/libnds/lib\libnds9.a(interrupts.o)
                0x0000000001000100                irqTable
 .itcm          0x00000000010001c8       0xcc C:/Users/victo/Documents/OblitArtsNDS/msys64/opt/devkitpro/libnds/lib\libnds9.a(interruptDispatcher.o)
                0x00000000010001c8                IntrMain
 *.itcm*(.text .stub .text.*)
                0x0000000001000294                . = ALIGN (0x4)
                0x0000000001000294                __itcm_end = ABSOLUTE (.)

.vectors        0x0000000001000000        0x0 load address 0x000000000200693c
                0x000000000200693c                __vectors_lma = LOADADDR (.vectors)
                0x0000000001000000                __vectors_start = ABSOLUTE (.)
 *(.vectors .vectors.*)
                0x0000000001000000                . = ALIGN (0x4)
                0x0000000001000000                __vectors_end = ABSOLUTE (.)

.sbss           0x000000000b000000        0x0
                0x000000000b000000                __sbss_start = ABSOLUTE (.)
                0x000000000b000000                __sbss_start__ = ABSOLUTE (.)
 *(.sbss)
                0x000000000b000000                . = ALIGN (0x4)
                0x000000000b000000                __sbss_end = ABSOLUTE (.)

.bss            0x00000000020067a8     0x1324
                0x00000000020067a8                __bss_start = ABSOLUTE (.)
                0x00000000020067a8                __bss_start__ = ABSOLUTE (.)
 *(EXCLUDE_FILE(*.twl*) .dynbss)
 *(EXCLUDE_FILE(*.twl*) .gnu.linkonce.b*)
 *(EXCLUDE_FILE(*.twl*) .bss*)
 .bss.completed.9044
                0x00000000020067a8        0x1 c:/users/victo/documents/oblitartsnds/msys64/opt/devkitpro/devkitarm/bin/../lib/gcc/arm-none-eabi/8.3.0/thumb/crtbegin.o
 *fill*         0x00000000020067a9        0x3 
 .bss.object.9049
                0x00000000020067ac       0x18 c:/users/victo/documents/oblitartsnds/msys64/opt/devkitpro/devkitarm/bin/../lib/gcc/arm-none-eabi/8.3.0/thumb/crtbegin.o
 .bss           0x00000000020067c4        0x4 template.o
                0x00000000020067c4                bird_position
 .bss.keys      0x00000000020067c8        0x2 C:/Users/victo/Documents/OblitArtsNDS/msys64/opt/devkitpro/libnds/lib\libnds9.a(keys.o)
 .bss.keysold   0x00000000020067ca        0x2 C:/Users/victo/Documents/OblitArtsNDS/msys64/opt/devkitpro/libnds/lib\libnds9.a(keys.o)
 .bss.keysrepeat
                0x00000000020067cc        0x2 C:/Users/victo/Documents/OblitArtsNDS/msys64/opt/devkitpro/libnds/lib\libnds9.a(keys.o)
 *fill*         0x00000000020067ce        0x2 
 .bss.processing
                0x00000000020067d0        0x4 C:/Users/victo/Documents/OblitArtsNDS/msys64/opt/devkitpro/libnds/lib\libnds9.a(fifosystem.o)
                0x00000000020067d0                processing
 .bss.SDcallback
                0x00000000020067d4        0x4 C:/Users/victo/Documents/OblitArtsNDS/msys64/opt/devkitpro/libnds/lib\libnds9.a(system.o)
 .bss.__malloc_current_mallinfo
                0x00000000020067d8       0x28 c:/users/victo/documents/oblitartsnds/msys64/opt/devkitpro/devkitarm/bin/../lib/gcc/arm-none-eabi/8.3.0/../../../../arm-none-eabi/lib/thumb\libg.a(lib_a-mallocr.o)
                0x00000000020067d8                __malloc_current_mallinfo
 .bss.__malloc_max_sbrked_mem
                0x0000000002006800        0x4 c:/users/victo/documents/oblitartsnds/msys64/opt/devkitpro/devkitarm/bin/../lib/gcc/arm-none-eabi/8.3.0/../../../../arm-none-eabi/lib/thumb\libg.a(lib_a-mallocr.o)
                0x0000000002006800                __malloc_max_sbrked_mem
 .bss.__malloc_max_total_mem
                0x0000000002006804        0x4 c:/users/victo/documents/oblitartsnds/msys64/opt/devkitpro/devkitarm/bin/../lib/gcc/arm-none-eabi/8.3.0/../../../../arm-none-eabi/lib/thumb\libg.a(lib_a-mallocr.o)
                0x0000000002006804                __malloc_max_total_mem
 .bss.__malloc_top_pad
                0x0000000002006808        0x4 c:/users/victo/documents/oblitartsnds/msys64/opt/devkitpro/devkitarm/bin/../lib/gcc/arm-none-eabi/8.3.0/../../../../arm-none-eabi/lib/thumb\libg.a(lib_a-mallocr.o)
                0x0000000002006808                __malloc_top_pad
 .bss.heap_start.6107
                0x000000000200680c        0x4 c:/users/victo/documents/oblitartsnds/msys64/opt/devkitpro/devkitarm/bin/../lib/gcc/arm-none-eabi/8.3.0/../../../../arm-none-eabi/lib/thumb\libsysbase.a(sbrk.o)
 .bss.fake_heap_end
                0x0000000002006810        0x4 c:/users/victo/documents/oblitartsnds/msys64/opt/devkitpro/devkitarm/bin/../lib/gcc/arm-none-eabi/8.3.0/../../../../arm-none-eabi/lib/thumb\libsysbase.a(malloc_vars.o)
                0x0000000002006810                fake_heap_end
 .bss.fake_heap_start
                0x0000000002006814        0x4 c:/users/victo/documents/oblitartsnds/msys64/opt/devkitpro/devkitarm/bin/../lib/gcc/arm-none-eabi/8.3.0/../../../../arm-none-eabi/lib/thumb\libsysbase.a(malloc_vars.o)
                0x0000000002006814                fake_heap_start
 .bss.__syscalls
                0x0000000002006818       0x48 c:/users/victo/documents/oblitartsnds/msys64/opt/devkitpro/devkitarm/bin/../lib/gcc/arm-none-eabi/8.3.0/../../../../arm-none-eabi/lib/thumb\libsysbase.a(syscall_support.o)
                0x0000000002006818                __syscalls
 *(EXCLUDE_FILE(*.twl*) COMMON)
 COMMON         0x0000000002006860       0x24 template.o
                0x0000000002006860                bird_gfx_mem
                0x0000000002006878                pipe_gfx_sprites
 COMMON         0x0000000002006884      0x800 C:/Users/victo/Documents/OblitArtsNDS/msys64/opt/devkitpro/libnds/lib\libnds9.a(sprite.o)
                0x0000000002006884                OamMemorySub
                0x0000000002006c84                OamMemory
 COMMON         0x0000000002007084        0x1 C:/Users/victo/Documents/OblitArtsNDS/msys64/opt/devkitpro/libnds/lib\libnds9.a(initSystem.o)
                0x0000000002007084                __dsimode
 *fill*         0x0000000002007085        0x3 
 COMMON         0x0000000002007088        0x4 C:/Users/victo/Documents/OblitArtsNDS/msys64/opt/devkitpro/libnds/lib\libnds9.a(timeSupport.o)
                0x0000000002007088                punixTime
 COMMON         0x000000000200708c      0xa40 C:/Users/victo/Documents/OblitArtsNDS/msys64/opt/devkitpro/libnds/lib\libnds9.a(fifosystem.o)
                0x000000000200708c                fifo_datamsg_data
                0x00000000020070cc                fifo_buffer
                0x00000000020078cc                fifo_value32_func
                0x000000000200790c                fifo_address_func
                0x000000000200794c                fifo_value32_data
                0x000000000200798c                fifo_value32_queue
                0x00000000020079cc                fifo_data_queue
                0x0000000002007a0c                fifo_address_data
                0x0000000002007a4c                fifo_datamsg_func
                0x0000000002007a8c                fifo_address_queue
                0x0000000002007acc                . = ALIGN (0x4)
                0x0000000002007acc                __bss_end__ = ABSOLUTE (.)
                0x0000000002007acc                __end__ = ABSOLUTE (.)

.twl            0x0000000002007acc        0x0 load address 0x0000000002400000
                0x0000000002400000                __arm9i_lma__ = LOADADDR (.twl)
                0x0000000002007acc                __arm9i_start__ = ABSOLUTE (.)
 *(.twl)
 *.twl*(.text .stub .text.* .gnu.linkonce.t.*)
 *.twl*(.rodata)
 *.twl*(.roda)
 *.twl*(.rodata.*)
 *.twl*(.data)
 *.twl*(.data.*)
 *.twl*(.gnu.linkonce.d*)
                0x0000000002007acc                __arm9i_end__ = ABSOLUTE (.)

.twl_bss        0x0000000002007acc        0x0
                0x0000000002007acc                __twl_bss_start__ = ABSOLUTE (.)
 *(.twl_bss)
 *.twl*(.dynbss)
 *.twl*(.gnu.linkonce.b*)
 *.twl*(.bss*)
 *.twl*(COMMON)
                0x0000000002007acc                . = ALIGN (0x4)
                0x0000000002007acc                __twl_bss_end__ = ABSOLUTE (.)
                0x0000000002007acc                __twl_end__ = ABSOLUTE (.)

.stab
 *(.stab)

.stabstr
 *(.stabstr)

.stab.excl
 *(.stab.excl)

.stab.exclstr
 *(.stab.exclstr)

.stab.index
 *(.stab.index)

.stab.indexstr
 *(.stab.indexstr)

.comment        0x0000000000000000       0x44
 *(.comment)
 .comment       0x0000000000000000       0x22 c:/users/victo/documents/oblitartsnds/msys64/opt/devkitpro/devkitarm/bin/../lib/gcc/arm-none-eabi/8.3.0/thumb/crtbegin.o
                                         0x23 (size before relaxing)
 .comment       0x0000000000000022       0x23 template.o
 .comment       0x0000000000000022       0x22 C:/Users/victo/Documents/OblitArtsNDS/msys64/opt/devkitpro/libnds/lib\libnds9.a(sprite_alloc.o)
                                         0x23 (size before relaxing)
 .comment       0x0000000000000044       0x23 C:/Users/victo/Documents/OblitArtsNDS/msys64/opt/devkitpro/libnds/lib\libnds9.a(sprite.o)
 .comment       0x0000000000000044       0x23 C:/Users/victo/Documents/OblitArtsNDS/msys64/opt/devkitpro/libnds/lib\libnds9.a(keys.o)
 .comment       0x0000000000000044       0x23 C:/Users/victo/Documents/OblitArtsNDS/msys64/opt/devkitpro/libnds/lib\libnds9.a(initSystem.o)
 .comment       0x0000000000000044       0x23 C:/Users/victo/Documents/OblitArtsNDS/msys64/opt/devkitpro/libnds/lib\libnds9.a(timeSupport.o)
 .comment       0x0000000000000044       0x23 C:/Users/victo/Documents/OblitArtsNDS/msys64/opt/devkitpro/libnds/lib\libnds9.a(securearea.o)
 .comment       0x0000000000000044       0x23 C:/Users/victo/Documents/OblitArtsNDS/msys64/opt/devkitpro/libnds/lib\libnds9.a(interrupts.o)
 .comment       0x0000000000000044       0x23 C:/Users/victo/Documents/OblitArtsNDS/msys64/opt/devkitpro/libnds/lib\libnds9.a(libnds_exit.arm.o)
 .comment       0x0000000000000044       0x23 C:/Users/victo/Documents/OblitArtsNDS/msys64/opt/devkitpro/libnds/lib\libnds9.a(fifosystem.o)
 .comment       0x0000000000000044       0x23 C:/Users/victo/Documents/OblitArtsNDS/msys64/opt/devkitpro/libnds/lib\libnds9.a(video.o)
 .comment       0x0000000000000044       0x23 C:/Users/victo/Documents/OblitArtsNDS/msys64/opt/devkitpro/libnds/lib\libnds9.a(system.o)
 .comment       0x0000000000000044       0x23 c:/users/victo/documents/oblitartsnds/msys64/opt/devkitpro/devkitarm/bin/../lib/gcc/arm-none-eabi/8.3.0/../../../../arm-none-eabi/lib/thumb\libg.a(lib_a-init.o)
 .comment       0x0000000000000044       0x23 c:/users/victo/documents/oblitartsnds/msys64/opt/devkitpro/devkitarm/bin/../lib/gcc/arm-none-eabi/8.3.0/../../../../arm-none-eabi/lib/thumb\libg.a(lib_a-malloc.o)
 .comment       0x0000000000000044       0x23 c:/users/victo/documents/oblitartsnds/msys64/opt/devkitpro/devkitarm/bin/../lib/gcc/arm-none-eabi/8.3.0/../../../../arm-none-eabi/lib/thumb\libg.a(lib_a-mallocr.o)
 .comment       0x0000000000000044       0x23 c:/users/victo/documents/oblitartsnds/msys64/opt/devkitpro/devkitarm/bin/../lib/gcc/arm-none-eabi/8.3.0/../../../../arm-none-eabi/lib/thumb\libg.a(lib_a-memcpy-stub.o)
 .comment       0x0000000000000044       0x23 c:/users/victo/documents/oblitartsnds/msys64/opt/devkitpro/devkitarm/bin/../lib/gcc/arm-none-eabi/8.3.0/../../../../arm-none-eabi/lib/thumb\libg.a(lib_a-memset.o)
 .comment       0x0000000000000044       0x23 c:/users/victo/documents/oblitartsnds/msys64/opt/devkitpro/devkitarm/bin/../lib/gcc/arm-none-eabi/8.3.0/../../../../arm-none-eabi/lib/thumb\libg.a(lib_a-mlock.o)
 .comment       0x0000000000000044       0x23 c:/users/victo/documents/oblitartsnds/msys64/opt/devkitpro/devkitarm/bin/../lib/gcc/arm-none-eabi/8.3.0/../../../../arm-none-eabi/lib/thumb\libg.a(lib_a-realloc.o)
 .comment       0x0000000000000044       0x23 c:/users/victo/documents/oblitartsnds/msys64/opt/devkitpro/devkitarm/bin/../lib/gcc/arm-none-eabi/8.3.0/../../../../arm-none-eabi/lib/thumb\libg.a(lib_a-reallocr.o)
 .comment       0x0000000000000044       0x23 c:/users/victo/documents/oblitartsnds/msys64/opt/devkitpro/devkitarm/bin/../lib/gcc/arm-none-eabi/8.3.0/../../../../arm-none-eabi/lib/thumb\libg.a(lib_a-freer.o)
 .comment       0x0000000000000044       0x23 c:/users/victo/documents/oblitartsnds/msys64/opt/devkitpro/devkitarm/bin/../lib/gcc/arm-none-eabi/8.3.0/../../../../arm-none-eabi/lib/thumb\libg.a(lib_a-memmove.o)
 .comment       0x0000000000000044       0x23 c:/users/victo/documents/oblitartsnds/msys64/opt/devkitpro/devkitarm/bin/../lib/gcc/arm-none-eabi/8.3.0/../../../../arm-none-eabi/lib/thumb\libsysbase.a(sbrk.o)
 .comment       0x0000000000000044       0x23 c:/users/victo/documents/oblitartsnds/msys64/opt/devkitpro/devkitarm/bin/../lib/gcc/arm-none-eabi/8.3.0/../../../../arm-none-eabi/lib/thumb\libsysbase.a(malloc_vars.o)
 .comment       0x0000000000000044       0x23 c:/users/victo/documents/oblitartsnds/msys64/opt/devkitpro/devkitarm/bin/../lib/gcc/arm-none-eabi/8.3.0/../../../../arm-none-eabi/lib/thumb\libsysbase.a(build_argv.o)
 .comment       0x0000000000000044       0x23 c:/users/victo/documents/oblitartsnds/msys64/opt/devkitpro/devkitarm/bin/../lib/gcc/arm-none-eabi/8.3.0/../../../../arm-none-eabi/lib/thumb\libsysbase.a(syscall_support.o)
 .comment       0x0000000000000044       0x23 c:/users/victo/documents/oblitartsnds/msys64/opt/devkitpro/devkitarm/bin/../lib/gcc/arm-none-eabi/8.3.0/../../../../arm-none-eabi/lib/thumb\libsysbase.a(getreent.o)
 .comment       0x0000000000000044       0x23 c:/users/victo/documents/oblitartsnds/msys64/opt/devkitpro/devkitarm/bin/../lib/gcc/arm-none-eabi/8.3.0/../../../../arm-none-eabi/lib/thumb\libg.a(lib_a-impure.o)
 .comment       0x0000000000000044       0x23 c:/users/victo/documents/oblitartsnds/msys64/opt/devkitpro/devkitarm/bin/../lib/gcc/arm-none-eabi/8.3.0/thumb/crtend.o

.ARM.attributes
                0x0000000000000000       0x2d
 .ARM.attributes
                0x0000000000000000       0x21 c:/users/victo/documents/oblitartsnds/msys64/opt/devkitpro/devkitarm/bin/../lib/gcc/arm-none-eabi/8.3.0/../../../../arm-none-eabi/lib/thumb/ds_arm9_crt0.o
 .ARM.attributes
                0x0000000000000021       0x1c c:/users/victo/documents/oblitartsnds/msys64/opt/devkitpro/devkitarm/bin/../lib/gcc/arm-none-eabi/8.3.0/thumb/crti.o
 .ARM.attributes
                0x000000000000003d       0x2a c:/users/victo/documents/oblitartsnds/msys64/opt/devkitpro/devkitarm/bin/../lib/gcc/arm-none-eabi/8.3.0/thumb/crtbegin.o
 .ARM.attributes
                0x0000000000000067       0x1a flappy_yellow.o
 .ARM.attributes
                0x0000000000000081       0x27 template.o
 .ARM.attributes
                0x00000000000000a8       0x2b C:/Users/victo/Documents/OblitArtsNDS/msys64/opt/devkitpro/libnds/lib\libnds9.a(sprite_alloc.o)
 .ARM.attributes
                0x00000000000000d3       0x2b C:/Users/victo/Documents/OblitArtsNDS/msys64/opt/devkitpro/libnds/lib\libnds9.a(sprite.o)
 .ARM.attributes
                0x00000000000000fe       0x2b C:/Users/victo/Documents/OblitArtsNDS/msys64/opt/devkitpro/libnds/lib\libnds9.a(keys.o)
 .ARM.attributes
                0x0000000000000129       0x2b C:/Users/victo/Documents/OblitArtsNDS/msys64/opt/devkitpro/libnds/lib\libnds9.a(initSystem.o)
 .ARM.attributes
                0x0000000000000154       0x2b C:/Users/victo/Documents/OblitArtsNDS/msys64/opt/devkitpro/libnds/lib\libnds9.a(timeSupport.o)
 .ARM.attributes
                0x000000000000017f       0x2b C:/Users/victo/Documents/OblitArtsNDS/msys64/opt/devkitpro/libnds/lib\libnds9.a(securearea.o)
 .ARM.attributes
                0x00000000000001aa       0x2b C:/Users/victo/Documents/OblitArtsNDS/msys64/opt/devkitpro/libnds/lib\libnds9.a(interrupts.o)
 .ARM.attributes
                0x00000000000001d5       0x2b C:/Users/victo/Documents/OblitArtsNDS/msys64/opt/devkitpro/libnds/lib\libnds9.a(libnds_exit.arm.o)
 .ARM.attributes
                0x0000000000000200       0x2b C:/Users/victo/Documents/OblitArtsNDS/msys64/opt/devkitpro/libnds/lib\libnds9.a(fifosystem.o)
 .ARM.attributes
                0x000000000000022b       0x1b C:/Users/victo/Documents/OblitArtsNDS/msys64/opt/devkitpro/libnds/lib\libnds9.a(dcache.o)
 .ARM.attributes
                0x0000000000000246       0x21 C:/Users/victo/Documents/OblitArtsNDS/msys64/opt/devkitpro/libnds/lib\libnds9.a(mpu_setup.o)
 .ARM.attributes
                0x0000000000000267       0x21 C:/Users/victo/Documents/OblitArtsNDS/msys64/opt/devkitpro/libnds/lib\libnds9.a(IntrWait.o)
 .ARM.attributes
                0x0000000000000288       0x21 C:/Users/victo/Documents/OblitArtsNDS/msys64/opt/devkitpro/libnds/lib\libnds9.a(cpu_clock.o)
 .ARM.attributes
                0x00000000000002a9       0x1b C:/Users/victo/Documents/OblitArtsNDS/msys64/opt/devkitpro/libnds/lib\libnds9.a(interruptDispatcher.o)
 .ARM.attributes
                0x00000000000002c4       0x21 C:/Users/victo/Documents/OblitArtsNDS/msys64/opt/devkitpro/libnds/lib\libnds9.a(swiSoftReset.o)
 .ARM.attributes
                0x00000000000002e5       0x2b C:/Users/victo/Documents/OblitArtsNDS/msys64/opt/devkitpro/libnds/lib\libnds9.a(video.o)
 .ARM.attributes
                0x0000000000000310       0x2b C:/Users/victo/Documents/OblitArtsNDS/msys64/opt/devkitpro/libnds/lib\libnds9.a(system.o)
 .ARM.attributes
                0x000000000000033b       0x1b C:/Users/victo/Documents/OblitArtsNDS/msys64/opt/devkitpro/libnds/lib\libnds9.a(biosCalls.o)
 .ARM.attributes
                0x0000000000000356       0x1c c:/users/victo/documents/oblitartsnds/msys64/opt/devkitpro/devkitarm/bin/../lib/gcc/arm-none-eabi/8.3.0/thumb\libgcc.a(_divsi3.o)
 .ARM.attributes
                0x0000000000000372       0x1c c:/users/victo/documents/oblitartsnds/msys64/opt/devkitpro/devkitarm/bin/../lib/gcc/arm-none-eabi/8.3.0/thumb\libgcc.a(_dvmd_tls.o)
 .ARM.attributes
                0x000000000000038e       0x2a c:/users/victo/documents/oblitartsnds/msys64/opt/devkitpro/devkitarm/bin/../lib/gcc/arm-none-eabi/8.3.0/../../../../arm-none-eabi/lib/thumb\libg.a(lib_a-init.o)
 .ARM.attributes
                0x00000000000003b8       0x2a c:/users/victo/documents/oblitartsnds/msys64/opt/devkitpro/devkitarm/bin/../lib/gcc/arm-none-eabi/8.3.0/../../../../arm-none-eabi/lib/thumb\libg.a(lib_a-malloc.o)
 .ARM.attributes
                0x00000000000003e2       0x2a c:/users/victo/documents/oblitartsnds/msys64/opt/devkitpro/devkitarm/bin/../lib/gcc/arm-none-eabi/8.3.0/../../../../arm-none-eabi/lib/thumb\libg.a(lib_a-mallocr.o)
 .ARM.attributes
                0x000000000000040c       0x2a c:/users/victo/documents/oblitartsnds/msys64/opt/devkitpro/devkitarm/bin/../lib/gcc/arm-none-eabi/8.3.0/../../../../arm-none-eabi/lib/thumb\libg.a(lib_a-memcpy-stub.o)
 .ARM.attributes
                0x0000000000000436       0x2a c:/users/victo/documents/oblitartsnds/msys64/opt/devkitpro/devkitarm/bin/../lib/gcc/arm-none-eabi/8.3.0/../../../../arm-none-eabi/lib/thumb\libg.a(lib_a-memset.o)
 .ARM.attributes
                0x0000000000000460       0x2a c:/users/victo/documents/oblitartsnds/msys64/opt/devkitpro/devkitarm/bin/../lib/gcc/arm-none-eabi/8.3.0/../../../../arm-none-eabi/lib/thumb\libg.a(lib_a-mlock.o)
 .ARM.attributes
                0x000000000000048a       0x2a c:/users/victo/documents/oblitartsnds/msys64/opt/devkitpro/devkitarm/bin/../lib/gcc/arm-none-eabi/8.3.0/../../../../arm-none-eabi/lib/thumb\libg.a(lib_a-realloc.o)
 .ARM.attributes
                0x00000000000004b4       0x2a c:/users/victo/documents/oblitartsnds/msys64/opt/devkitpro/devkitarm/bin/../lib/gcc/arm-none-eabi/8.3.0/../../../../arm-none-eabi/lib/thumb\libg.a(lib_a-reallocr.o)
 .ARM.attributes
                0x00000000000004de       0x2a c:/users/victo/documents/oblitartsnds/msys64/opt/devkitpro/devkitarm/bin/../lib/gcc/arm-none-eabi/8.3.0/../../../../arm-none-eabi/lib/thumb\libg.a(lib_a-freer.o)
 .ARM.attributes
                0x0000000000000508       0x2a c:/users/victo/documents/oblitartsnds/msys64/opt/devkitpro/devkitarm/bin/../lib/gcc/arm-none-eabi/8.3.0/../../../../arm-none-eabi/lib/thumb\libg.a(lib_a-memmove.o)
 .ARM.attributes
                0x0000000000000532       0x2a c:/users/victo/documents/oblitartsnds/msys64/opt/devkitpro/devkitarm/bin/../lib/gcc/arm-none-eabi/8.3.0/../../../../arm-none-eabi/lib/thumb\libsysbase.a(sbrk.o)
 .ARM.attributes
                0x000000000000055c       0x30 c:/users/victo/documents/oblitartsnds/msys64/opt/devkitpro/devkitarm/bin/../lib/gcc/arm-none-eabi/8.3.0/../../../../arm-none-eabi/lib/thumb\libsysbase.a(malloc_vars.o)
 .ARM.attributes
                0x000000000000058c       0x2a c:/users/victo/documents/oblitartsnds/msys64/opt/devkitpro/devkitarm/bin/../lib/gcc/arm-none-eabi/8.3.0/../../../../arm-none-eabi/lib/thumb\libsysbase.a(build_argv.o)
 .ARM.attributes
                0x00000000000005b6       0x2a c:/users/victo/documents/oblitartsnds/msys64/opt/devkitpro/devkitarm/bin/../lib/gcc/arm-none-eabi/8.3.0/../../../../arm-none-eabi/lib/thumb\libsysbase.a(syscall_support.o)
 .ARM.attributes
                0x00000000000005e0       0x2a c:/users/victo/documents/oblitartsnds/msys64/opt/devkitpro/devkitarm/bin/../lib/gcc/arm-none-eabi/8.3.0/../../../../arm-none-eabi/lib/thumb\libsysbase.a(getreent.o)
 .ARM.attributes
                0x000000000000060a       0x30 c:/users/victo/documents/oblitartsnds/msys64/opt/devkitpro/devkitarm/bin/../lib/gcc/arm-none-eabi/8.3.0/../../../../arm-none-eabi/lib/thumb\libg.a(lib_a-impure.o)
 .ARM.attributes
                0x000000000000063a       0x30 c:/users/victo/documents/oblitartsnds/msys64/opt/devkitpro/devkitarm/bin/../lib/gcc/arm-none-eabi/8.3.0/thumb/crtend.o
 .ARM.attributes
                0x000000000000066a       0x1c c:/users/victo/documents/oblitartsnds/msys64/opt/devkitpro/devkitarm/bin/../lib/gcc/arm-none-eabi/8.3.0/thumb/crtn.o

.debug
 *(.debug)

.line
 *(.line)

.debug_srcinfo
 *(.debug_srcinfo)

.debug_sfnames
 *(.debug_sfnames)

.debug_aranges  0x0000000000000000      0x508
 *(.debug_aranges)
 .debug_aranges
                0x0000000000000000       0x28 template.o
 .debug_aranges
                0x0000000000000028       0x40 C:/Users/victo/Documents/OblitArtsNDS/msys64/opt/devkitpro/libnds/lib\libnds9.a(sprite_alloc.o)
 .debug_aranges
                0x0000000000000068       0x60 C:/Users/victo/Documents/OblitArtsNDS/msys64/opt/devkitpro/libnds/lib\libnds9.a(sprite.o)
 .debug_aranges
                0x00000000000000c8       0x50 C:/Users/victo/Documents/OblitArtsNDS/msys64/opt/devkitpro/libnds/lib\libnds9.a(keys.o)
 .debug_aranges
                0x0000000000000118       0x20 C:/Users/victo/Documents/OblitArtsNDS/msys64/opt/devkitpro/libnds/lib\libnds9.a(initSystem.o)
 .debug_aranges
                0x0000000000000138       0x20 C:/Users/victo/Documents/OblitArtsNDS/msys64/opt/devkitpro/libnds/lib\libnds9.a(timeSupport.o)
 .debug_aranges
                0x0000000000000158       0x18 C:/Users/victo/Documents/OblitArtsNDS/msys64/opt/devkitpro/libnds/lib\libnds9.a(securearea.o)
 .debug_aranges
                0x0000000000000170       0x50 C:/Users/victo/Documents/OblitArtsNDS/msys64/opt/devkitpro/libnds/lib\libnds9.a(interrupts.o)
 .debug_aranges
                0x00000000000001c0       0x28 C:/Users/victo/Documents/OblitArtsNDS/msys64/opt/devkitpro/libnds/lib\libnds9.a(libnds_exit.arm.o)
 .debug_aranges
                0x00000000000001e8       0xb8 C:/Users/victo/Documents/OblitArtsNDS/msys64/opt/devkitpro/libnds/lib\libnds9.a(fifosystem.o)
 .debug_aranges
                0x00000000000002a0       0x38 C:/Users/victo/Documents/OblitArtsNDS/msys64/opt/devkitpro/libnds/lib\libnds9.a(dcache.o)
 .debug_aranges
                0x00000000000002d8       0x30 C:/Users/victo/Documents/OblitArtsNDS/msys64/opt/devkitpro/libnds/lib\libnds9.a(mpu_setup.o)
 .debug_aranges
                0x0000000000000308       0x28 C:/Users/victo/Documents/OblitArtsNDS/msys64/opt/devkitpro/libnds/lib\libnds9.a(IntrWait.o)
 .debug_aranges
                0x0000000000000330       0x20 C:/Users/victo/Documents/OblitArtsNDS/msys64/opt/devkitpro/libnds/lib\libnds9.a(cpu_clock.o)
 .debug_aranges
                0x0000000000000350       0x20 C:/Users/victo/Documents/OblitArtsNDS/msys64/opt/devkitpro/libnds/lib\libnds9.a(interruptDispatcher.o)
 .debug_aranges
                0x0000000000000370       0x20 C:/Users/victo/Documents/OblitArtsNDS/msys64/opt/devkitpro/libnds/lib\libnds9.a(swiSoftReset.o)
 .debug_aranges
                0x0000000000000390       0x48 C:/Users/victo/Documents/OblitArtsNDS/msys64/opt/devkitpro/libnds/lib\libnds9.a(video.o)
 .debug_aranges
                0x00000000000003d8       0x68 C:/Users/victo/Documents/OblitArtsNDS/msys64/opt/devkitpro/libnds/lib\libnds9.a(system.o)
 .debug_aranges
                0x0000000000000440       0xc8 C:/Users/victo/Documents/OblitArtsNDS/msys64/opt/devkitpro/libnds/lib\libnds9.a(biosCalls.o)

.debug_pubnames
 *(.debug_pubnames)

.debug_info     0x0000000000000000     0xe0a8
 *(.debug_info)
 .debug_info    0x0000000000000000     0x2204 template.o
 .debug_info    0x0000000000002204     0x1b96 C:/Users/victo/Documents/OblitArtsNDS/msys64/opt/devkitpro/libnds/lib\libnds9.a(sprite_alloc.o)
 .debug_info    0x0000000000003d9a     0x1786 C:/Users/victo/Documents/OblitArtsNDS/msys64/opt/devkitpro/libnds/lib\libnds9.a(sprite.o)
 .debug_info    0x0000000000005520      0xe17 C:/Users/victo/Documents/OblitArtsNDS/msys64/opt/devkitpro/libnds/lib\libnds9.a(keys.o)
 .debug_info    0x0000000000006337     0x1f13 C:/Users/victo/Documents/OblitArtsNDS/msys64/opt/devkitpro/libnds/lib\libnds9.a(initSystem.o)
 .debug_info    0x000000000000824a      0xab7 C:/Users/victo/Documents/OblitArtsNDS/msys64/opt/devkitpro/libnds/lib\libnds9.a(timeSupport.o)
 .debug_info    0x0000000000008d01       0x59 C:/Users/victo/Documents/OblitArtsNDS/msys64/opt/devkitpro/libnds/lib\libnds9.a(securearea.o)
 .debug_info    0x0000000000008d5a      0x735 C:/Users/victo/Documents/OblitArtsNDS/msys64/opt/devkitpro/libnds/lib\libnds9.a(interrupts.o)
 .debug_info    0x000000000000948f      0xd29 C:/Users/victo/Documents/OblitArtsNDS/msys64/opt/devkitpro/libnds/lib\libnds9.a(libnds_exit.arm.o)
 .debug_info    0x000000000000a1b8     0x2197 C:/Users/victo/Documents/OblitArtsNDS/msys64/opt/devkitpro/libnds/lib\libnds9.a(fifosystem.o)
 .debug_info    0x000000000000c34f       0x22 C:/Users/victo/Documents/OblitArtsNDS/msys64/opt/devkitpro/libnds/lib\libnds9.a(dcache.o)
 .debug_info    0x000000000000c371       0x22 C:/Users/victo/Documents/OblitArtsNDS/msys64/opt/devkitpro/libnds/lib\libnds9.a(mpu_setup.o)
 .debug_info    0x000000000000c393       0x22 C:/Users/victo/Documents/OblitArtsNDS/msys64/opt/devkitpro/libnds/lib\libnds9.a(IntrWait.o)
 .debug_info    0x000000000000c3b5       0x26 C:/Users/victo/Documents/OblitArtsNDS/msys64/opt/devkitpro/libnds/lib\libnds9.a(cpu_clock.o)
 .debug_info    0x000000000000c3db       0x26 C:/Users/victo/Documents/OblitArtsNDS/msys64/opt/devkitpro/libnds/lib\libnds9.a(interruptDispatcher.o)
 .debug_info    0x000000000000c401       0x26 C:/Users/victo/Documents/OblitArtsNDS/msys64/opt/devkitpro/libnds/lib\libnds9.a(swiSoftReset.o)
 .debug_info    0x000000000000c427      0x7dd C:/Users/victo/Documents/OblitArtsNDS/msys64/opt/devkitpro/libnds/lib\libnds9.a(video.o)
 .debug_info    0x000000000000cc04     0x1482 C:/Users/victo/Documents/OblitArtsNDS/msys64/opt/devkitpro/libnds/lib\libnds9.a(system.o)
 .debug_info    0x000000000000e086       0x22 C:/Users/victo/Documents/OblitArtsNDS/msys64/opt/devkitpro/libnds/lib\libnds9.a(biosCalls.o)

.debug_abbrev   0x0000000000000000     0x2821
 *(.debug_abbrev)
 .debug_abbrev  0x0000000000000000      0x515 template.o
 .debug_abbrev  0x0000000000000515      0x414 C:/Users/victo/Documents/OblitArtsNDS/msys64/opt/devkitpro/libnds/lib\libnds9.a(sprite_alloc.o)
 .debug_abbrev  0x0000000000000929      0x428 C:/Users/victo/Documents/OblitArtsNDS/msys64/opt/devkitpro/libnds/lib\libnds9.a(sprite.o)
 .debug_abbrev  0x0000000000000d51      0x2c8 C:/Users/victo/Documents/OblitArtsNDS/msys64/opt/devkitpro/libnds/lib\libnds9.a(keys.o)
 .debug_abbrev  0x0000000000001019      0x3af C:/Users/victo/Documents/OblitArtsNDS/msys64/opt/devkitpro/libnds/lib\libnds9.a(initSystem.o)
 .debug_abbrev  0x00000000000013c8      0x20b C:/Users/victo/Documents/OblitArtsNDS/msys64/opt/devkitpro/libnds/lib\libnds9.a(timeSupport.o)
 .debug_abbrev  0x00000000000015d3       0x47 C:/Users/victo/Documents/OblitArtsNDS/msys64/opt/devkitpro/libnds/lib\libnds9.a(securearea.o)
 .debug_abbrev  0x000000000000161a      0x2f7 C:/Users/victo/Documents/OblitArtsNDS/msys64/opt/devkitpro/libnds/lib\libnds9.a(interrupts.o)
 .debug_abbrev  0x0000000000001911      0x2d0 C:/Users/victo/Documents/OblitArtsNDS/msys64/opt/devkitpro/libnds/lib\libnds9.a(libnds_exit.arm.o)
 .debug_abbrev  0x0000000000001be1      0x59b C:/Users/victo/Documents/OblitArtsNDS/msys64/opt/devkitpro/libnds/lib\libnds9.a(fifosystem.o)
 .debug_abbrev  0x000000000000217c       0x12 C:/Users/victo/Documents/OblitArtsNDS/msys64/opt/devkitpro/libnds/lib\libnds9.a(dcache.o)
 .debug_abbrev  0x000000000000218e       0x12 C:/Users/victo/Documents/OblitArtsNDS/msys64/opt/devkitpro/libnds/lib\libnds9.a(mpu_setup.o)
 .debug_abbrev  0x00000000000021a0       0x12 C:/Users/victo/Documents/OblitArtsNDS/msys64/opt/devkitpro/libnds/lib\libnds9.a(IntrWait.o)
 .debug_abbrev  0x00000000000021b2       0x14 C:/Users/victo/Documents/OblitArtsNDS/msys64/opt/devkitpro/libnds/lib\libnds9.a(cpu_clock.o)
 .debug_abbrev  0x00000000000021c6       0x14 C:/Users/victo/Documents/OblitArtsNDS/msys64/opt/devkitpro/libnds/lib\libnds9.a(interruptDispatcher.o)
 .debug_abbrev  0x00000000000021da       0x14 C:/Users/victo/Documents/OblitArtsNDS/msys64/opt/devkitpro/libnds/lib\libnds9.a(swiSoftReset.o)
 .debug_abbrev  0x00000000000021ee      0x254 C:/Users/victo/Documents/OblitArtsNDS/msys64/opt/devkitpro/libnds/lib\libnds9.a(video.o)
 .debug_abbrev  0x0000000000002442      0x3cd C:/Users/victo/Documents/OblitArtsNDS/msys64/opt/devkitpro/libnds/lib\libnds9.a(system.o)
 .debug_abbrev  0x000000000000280f       0x12 C:/Users/victo/Documents/OblitArtsNDS/msys64/opt/devkitpro/libnds/lib\libnds9.a(biosCalls.o)

.debug_line     0x0000000000000000     0x5331
 *(.debug_line)
 .debug_line    0x0000000000000000      0x9fb template.o
 .debug_line    0x00000000000009fb      0x821 C:/Users/victo/Documents/OblitArtsNDS/msys64/opt/devkitpro/libnds/lib\libnds9.a(sprite_alloc.o)
 .debug_line    0x000000000000121c      0x7e8 C:/Users/victo/Documents/OblitArtsNDS/msys64/opt/devkitpro/libnds/lib\libnds9.a(sprite.o)
 .debug_line    0x0000000000001a04      0x43c C:/Users/victo/Documents/OblitArtsNDS/msys64/opt/devkitpro/libnds/lib\libnds9.a(keys.o)
 .debug_line    0x0000000000001e40      0x57f C:/Users/victo/Documents/OblitArtsNDS/msys64/opt/devkitpro/libnds/lib\libnds9.a(initSystem.o)
 .debug_line    0x00000000000023bf      0x21b C:/Users/victo/Documents/OblitArtsNDS/msys64/opt/devkitpro/libnds/lib\libnds9.a(timeSupport.o)
 .debug_line    0x00000000000025da       0x82 C:/Users/victo/Documents/OblitArtsNDS/msys64/opt/devkitpro/libnds/lib\libnds9.a(securearea.o)
 .debug_line    0x000000000000265c      0x53b C:/Users/victo/Documents/OblitArtsNDS/msys64/opt/devkitpro/libnds/lib\libnds9.a(interrupts.o)
 .debug_line    0x0000000000002b97      0x2d0 C:/Users/victo/Documents/OblitArtsNDS/msys64/opt/devkitpro/libnds/lib\libnds9.a(libnds_exit.arm.o)
 .debug_line    0x0000000000002e67     0x140d C:/Users/victo/Documents/OblitArtsNDS/msys64/opt/devkitpro/libnds/lib\libnds9.a(fifosystem.o)
 .debug_line    0x0000000000004274       0xd3 C:/Users/victo/Documents/OblitArtsNDS/msys64/opt/devkitpro/libnds/lib\libnds9.a(dcache.o)
 .debug_line    0x0000000000004347      0x12f C:/Users/victo/Documents/OblitArtsNDS/msys64/opt/devkitpro/libnds/lib\libnds9.a(mpu_setup.o)
 .debug_line    0x0000000000004476       0xba C:/Users/victo/Documents/OblitArtsNDS/msys64/opt/devkitpro/libnds/lib\libnds9.a(IntrWait.o)
 .debug_line    0x0000000000004530       0xa3 C:/Users/victo/Documents/OblitArtsNDS/msys64/opt/devkitpro/libnds/lib\libnds9.a(cpu_clock.o)
 .debug_line    0x00000000000045d3       0xcc C:/Users/victo/Documents/OblitArtsNDS/msys64/opt/devkitpro/libnds/lib\libnds9.a(interruptDispatcher.o)
 .debug_line    0x000000000000469f       0x9c C:/Users/victo/Documents/OblitArtsNDS/msys64/opt/devkitpro/libnds/lib\libnds9.a(swiSoftReset.o)
 .debug_line    0x000000000000473b      0x4aa C:/Users/victo/Documents/OblitArtsNDS/msys64/opt/devkitpro/libnds/lib\libnds9.a(video.o)
 .debug_line    0x0000000000004be5      0x55a C:/Users/victo/Documents/OblitArtsNDS/msys64/opt/devkitpro/libnds/lib\libnds9.a(system.o)
 .debug_line    0x000000000000513f      0x1f2 C:/Users/victo/Documents/OblitArtsNDS/msys64/opt/devkitpro/libnds/lib\libnds9.a(biosCalls.o)

.debug_frame    0x0000000000000000      0x8e0
 *(.debug_frame)
 .debug_frame   0x0000000000000000      0x124 template.o
 .debug_frame   0x0000000000000124       0xb4 C:/Users/victo/Documents/OblitArtsNDS/msys64/opt/devkitpro/libnds/lib\libnds9.a(sprite_alloc.o)
 .debug_frame   0x00000000000001d8       0xf4 C:/Users/victo/Documents/OblitArtsNDS/msys64/opt/devkitpro/libnds/lib\libnds9.a(sprite.o)
 .debug_frame   0x00000000000002cc       0x8c C:/Users/victo/Documents/OblitArtsNDS/msys64/opt/devkitpro/libnds/lib\libnds9.a(keys.o)
 .debug_frame   0x0000000000000358       0x28 C:/Users/victo/Documents/OblitArtsNDS/msys64/opt/devkitpro/libnds/lib\libnds9.a(initSystem.o)
 .debug_frame   0x0000000000000380       0x28 C:/Users/victo/Documents/OblitArtsNDS/msys64/opt/devkitpro/libnds/lib\libnds9.a(timeSupport.o)
 .debug_frame   0x00000000000003a8       0xa4 C:/Users/victo/Documents/OblitArtsNDS/msys64/opt/devkitpro/libnds/lib\libnds9.a(interrupts.o)
 .debug_frame   0x000000000000044c       0x3c C:/Users/victo/Documents/OblitArtsNDS/msys64/opt/devkitpro/libnds/lib\libnds9.a(libnds_exit.arm.o)
 .debug_frame   0x0000000000000488      0x2a8 C:/Users/victo/Documents/OblitArtsNDS/msys64/opt/devkitpro/libnds/lib\libnds9.a(fifosystem.o)
 .debug_frame   0x0000000000000730       0xb8 C:/Users/victo/Documents/OblitArtsNDS/msys64/opt/devkitpro/libnds/lib\libnds9.a(video.o)
 .debug_frame   0x00000000000007e8       0xf8 C:/Users/victo/Documents/OblitArtsNDS/msys64/opt/devkitpro/libnds/lib\libnds9.a(system.o)

.debug_str      0x0000000000000000     0x35b3
 *(.debug_str)
 .debug_str     0x0000000000000000     0x1316 template.o
                                       0x1420 (size before relaxing)
 .debug_str     0x0000000000001316      0x235 C:/Users/victo/Documents/OblitArtsNDS/msys64/opt/devkitpro/libnds/lib\libnds9.a(sprite_alloc.o)
                                        0xd1e (size before relaxing)
 .debug_str     0x000000000000154b      0x14f C:/Users/victo/Documents/OblitArtsNDS/msys64/opt/devkitpro/libnds/lib\libnds9.a(sprite.o)
                                        0xd20 (size before relaxing)
 .debug_str     0x000000000000169a      0x197 C:/Users/victo/Documents/OblitArtsNDS/msys64/opt/devkitpro/libnds/lib\libnds9.a(keys.o)
                                        0x8aa (size before relaxing)
 .debug_str     0x0000000000001831      0x6ba C:/Users/victo/Documents/OblitArtsNDS/msys64/opt/devkitpro/libnds/lib\libnds9.a(initSystem.o)
                                       0x12a3 (size before relaxing)
 .debug_str     0x0000000000001eeb       0x71 C:/Users/victo/Documents/OblitArtsNDS/msys64/opt/devkitpro/libnds/lib\libnds9.a(timeSupport.o)
                                        0x6a9 (size before relaxing)
 .debug_str     0x0000000000001f5c       0x72 C:/Users/victo/Documents/OblitArtsNDS/msys64/opt/devkitpro/libnds/lib\libnds9.a(securearea.o)
                                        0x153 (size before relaxing)
 .debug_str     0x0000000000001fce      0x179 C:/Users/victo/Documents/OblitArtsNDS/msys64/opt/devkitpro/libnds/lib\libnds9.a(interrupts.o)
                                        0x4dd (size before relaxing)
 .debug_str     0x0000000000002147      0x1cd C:/Users/victo/Documents/OblitArtsNDS/msys64/opt/devkitpro/libnds/lib\libnds9.a(libnds_exit.arm.o)
                                        0x873 (size before relaxing)
 .debug_str     0x0000000000002314      0x4a2 C:/Users/victo/Documents/OblitArtsNDS/msys64/opt/devkitpro/libnds/lib\libnds9.a(fifosystem.o)
                                        0xd27 (size before relaxing)
 .debug_str     0x00000000000027b6       0x63 C:/Users/victo/Documents/OblitArtsNDS/msys64/opt/devkitpro/libnds/lib\libnds9.a(dcache.o)
                                         0xaa (size before relaxing)
 .debug_str     0x0000000000002819       0x61 C:/Users/victo/Documents/OblitArtsNDS/msys64/opt/devkitpro/libnds/lib\libnds9.a(mpu_setup.o)
                                         0xb4 (size before relaxing)
 .debug_str     0x000000000000287a       0x60 C:/Users/victo/Documents/OblitArtsNDS/msys64/opt/devkitpro/libnds/lib\libnds9.a(IntrWait.o)
                                         0xb3 (size before relaxing)
 .debug_str     0x00000000000028da       0x61 C:/Users/victo/Documents/OblitArtsNDS/msys64/opt/devkitpro/libnds/lib\libnds9.a(cpu_clock.o)
                                         0xb4 (size before relaxing)
 .debug_str     0x000000000000293b       0x66 C:/Users/victo/Documents/OblitArtsNDS/msys64/opt/devkitpro/libnds/lib\libnds9.a(interruptDispatcher.o)
                                         0xb9 (size before relaxing)
 .debug_str     0x00000000000029a1       0x5f C:/Users/victo/Documents/OblitArtsNDS/msys64/opt/devkitpro/libnds/lib\libnds9.a(swiSoftReset.o)
                                         0xb2 (size before relaxing)
 .debug_str     0x0000000000002a00      0x7da C:/Users/victo/Documents/OblitArtsNDS/msys64/opt/devkitpro/libnds/lib\libnds9.a(video.o)
                                        0xc55 (size before relaxing)
 .debug_str     0x00000000000031da      0x37d C:/Users/victo/Documents/OblitArtsNDS/msys64/opt/devkitpro/libnds/lib\libnds9.a(system.o)
                                        0xc41 (size before relaxing)
 .debug_str     0x0000000000003557       0x5c C:/Users/victo/Documents/OblitArtsNDS/msys64/opt/devkitpro/libnds/lib\libnds9.a(biosCalls.o)
                                         0xaf (size before relaxing)

.debug_loc      0x0000000000000000     0x34d8
 *(.debug_loc)
 .debug_loc     0x0000000000000000      0x3aa template.o
 .debug_loc     0x00000000000003aa      0x7fe C:/Users/victo/Documents/OblitArtsNDS/msys64/opt/devkitpro/libnds/lib\libnds9.a(sprite_alloc.o)
 .debug_loc     0x0000000000000ba8      0x902 C:/Users/victo/Documents/OblitArtsNDS/msys64/opt/devkitpro/libnds/lib\libnds9.a(sprite.o)
 .debug_loc     0x00000000000014aa       0x15 C:/Users/victo/Documents/OblitArtsNDS/msys64/opt/devkitpro/libnds/lib\libnds9.a(keys.o)
 .debug_loc     0x00000000000014bf       0xf0 C:/Users/victo/Documents/OblitArtsNDS/msys64/opt/devkitpro/libnds/lib\libnds9.a(initSystem.o)
 .debug_loc     0x00000000000015af       0x25 C:/Users/victo/Documents/OblitArtsNDS/msys64/opt/devkitpro/libnds/lib\libnds9.a(timeSupport.o)
 .debug_loc     0x00000000000015d4      0x26c C:/Users/victo/Documents/OblitArtsNDS/msys64/opt/devkitpro/libnds/lib\libnds9.a(interrupts.o)
 .debug_loc     0x0000000000001840       0x64 C:/Users/victo/Documents/OblitArtsNDS/msys64/opt/devkitpro/libnds/lib\libnds9.a(libnds_exit.arm.o)
 .debug_loc     0x00000000000018a4     0x1710 C:/Users/victo/Documents/OblitArtsNDS/msys64/opt/devkitpro/libnds/lib\libnds9.a(fifosystem.o)
 .debug_loc     0x0000000000002fb4      0x2e5 C:/Users/victo/Documents/OblitArtsNDS/msys64/opt/devkitpro/libnds/lib\libnds9.a(video.o)
 .debug_loc     0x0000000000003299      0x23f C:/Users/victo/Documents/OblitArtsNDS/msys64/opt/devkitpro/libnds/lib\libnds9.a(system.o)

.debug_macinfo
 *(.debug_macinfo)

.debug_weaknames
 *(.debug_weaknames)

.debug_funcnames
 *(.debug_funcnames)

.debug_typenames
 *(.debug_typenames)

.debug_varnames
 *(.debug_varnames)

.stack          0x0000000000080000        0x0
                0x0000000000080000                _stack = .
 *(.stack)
LOAD c:/users/victo/documents/oblitartsnds/msys64/opt/devkitpro/devkitarm/bin/../lib/gcc/arm-none-eabi/8.3.0/../../../../arm-none-eabi/lib/thumb/ds_arm9_crt0.o
LOAD c:/users/victo/documents/oblitartsnds/msys64/opt/devkitpro/devkitarm/bin/../lib/gcc/arm-none-eabi/8.3.0/thumb/crti.o
LOAD c:/users/victo/documents/oblitartsnds/msys64/opt/devkitpro/devkitarm/bin/../lib/gcc/arm-none-eabi/8.3.0/thumb/crtbegin.o
LOAD flappy_yellow.o
LOAD template.o
LOAD C:/Users/victo/Documents/OblitArtsNDS/msys64/opt/devkitpro/libnds/lib\libgl2d.a
LOAD C:/Users/victo/Documents/OblitArtsNDS/msys64/opt/devkitpro/libnds/lib\libnds9.a
START GROUP
LOAD c:/users/victo/documents/oblitartsnds/msys64/opt/devkitpro/devkitarm/bin/../lib/gcc/arm-none-eabi/8.3.0/thumb\libgcc.a
LOAD c:/users/victo/documents/oblitartsnds/msys64/opt/devkitpro/devkitarm/bin/../lib/gcc/arm-none-eabi/8.3.0/../../../../arm-none-eabi/lib/thumb\libg.a
LOAD c:/users/victo/documents/oblitartsnds/msys64/opt/devkitpro/devkitarm/bin/../lib/gcc/arm-none-eabi/8.3.0/../../../../arm-none-eabi/lib/thumb\libc.a
LOAD c:/users/victo/documents/oblitartsnds/msys64/opt/devkitpro/devkitarm/bin/../lib/gcc/arm-none-eabi/8.3.0/../../../../arm-none-eabi/lib/thumb\libsysbase.a
END GROUP
LOAD c:/users/victo/documents/oblitartsnds/msys64/opt/devkitpro/devkitarm/bin/../lib/gcc/arm-none-eabi/8.3.0/thumb/crtend.o
LOAD c:/users/victo/documents/oblitartsnds/msys64/opt/devkitpro/devkitarm/bin/../lib/gcc/arm-none-eabi/8.3.0/thumb/crtn.o
OUTPUT(C:/Users/victo/Documents/OblitArtsNDS/animate_simple/animate_simple.elf elf32-littlearm)

.debug_ranges   0x0000000000000000      0xbb0
 .debug_ranges  0x0000000000000000      0x2b8 template.o
 .debug_ranges  0x00000000000002b8       0x98 C:/Users/victo/Documents/OblitArtsNDS/msys64/opt/devkitpro/libnds/lib\libnds9.a(sprite_alloc.o)
 .debug_ranges  0x0000000000000350       0xb0 C:/Users/victo/Documents/OblitArtsNDS/msys64/opt/devkitpro/libnds/lib\libnds9.a(sprite.o)
 .debug_ranges  0x0000000000000400       0x58 C:/Users/victo/Documents/OblitArtsNDS/msys64/opt/devkitpro/libnds/lib\libnds9.a(keys.o)
 .debug_ranges  0x0000000000000458       0x10 C:/Users/victo/Documents/OblitArtsNDS/msys64/opt/devkitpro/libnds/lib\libnds9.a(initSystem.o)
 .debug_ranges  0x0000000000000468       0x10 C:/Users/victo/Documents/OblitArtsNDS/msys64/opt/devkitpro/libnds/lib\libnds9.a(timeSupport.o)
 .debug_ranges  0x0000000000000478      0x100 C:/Users/victo/Documents/OblitArtsNDS/msys64/opt/devkitpro/libnds/lib\libnds9.a(interrupts.o)
 .debug_ranges  0x0000000000000578       0x18 C:/Users/victo/Documents/OblitArtsNDS/msys64/opt/devkitpro/libnds/lib\libnds9.a(libnds_exit.arm.o)
 .debug_ranges  0x0000000000000590      0x440 C:/Users/victo/Documents/OblitArtsNDS/msys64/opt/devkitpro/libnds/lib\libnds9.a(fifosystem.o)
 .debug_ranges  0x00000000000009d0       0x30 C:/Users/victo/Documents/OblitArtsNDS/msys64/opt/devkitpro/libnds/lib\libnds9.a(dcache.o)
 .debug_ranges  0x0000000000000a00       0x28 C:/Users/victo/Documents/OblitArtsNDS/msys64/opt/devkitpro/libnds/lib\libnds9.a(mpu_setup.o)
 .debug_ranges  0x0000000000000a28       0x20 C:/Users/victo/Documents/OblitArtsNDS/msys64/opt/devkitpro/libnds/lib\libnds9.a(IntrWait.o)
 .debug_ranges  0x0000000000000a48       0x50 C:/Users/victo/Documents/OblitArtsNDS/msys64/opt/devkitpro/libnds/lib\libnds9.a(video.o)
 .debug_ranges  0x0000000000000a98       0x58 C:/Users/victo/Documents/OblitArtsNDS/msys64/opt/devkitpro/libnds/lib\libnds9.a(system.o)
 .debug_ranges  0x0000000000000af0       0xc0 C:/Users/victo/Documents/OblitArtsNDS/msys64/opt/devkitpro/libnds/lib\libnds9.a(biosCalls.o)
