Archive member included to satisfy reference by file (symbol)

C:/Users/victo/Documents/ENTI/4rt/Programacio_consoles/ndside/msys64/opt/devkitpro/libnds/lib\libnds9.a(sprite_alloc.o)
                              template.o (oamAllocateGfx)
C:/Users/victo/Documents/ENTI/4rt/Programacio_consoles/ndside/msys64/opt/devkitpro/libnds/lib\libnds9.a(sprite.o)
                              template.o (oamInit)
C:/Users/victo/Documents/ENTI/4rt/Programacio_consoles/ndside/msys64/opt/devkitpro/libnds/lib\libnds9.a(keys.o)
                              template.o (scanKeys)
C:/Users/victo/Documents/ENTI/4rt/Programacio_consoles/ndside/msys64/opt/devkitpro/libnds/lib\libnds9.a(initSystem.o)
                              c:/users/victo/documents/enti/4rt/programacio_consoles/ndside/msys64/opt/devkitpro/devkitarm/bin/../lib/gcc/arm-none-eabi/8.3.0/../../../../arm-none-eabi/lib/thumb/ds_arm9_crt0.o (initSystem)
C:/Users/victo/Documents/ENTI/4rt/Programacio_consoles/ndside/msys64/opt/devkitpro/libnds/lib\libnds9.a(timeSupport.o)
                              C:/Users/victo/Documents/ENTI/4rt/Programacio_consoles/ndside/msys64/opt/devkitpro/libnds/lib\libnds9.a(initSystem.o) (__libnds_gtod)
C:/Users/victo/Documents/ENTI/4rt/Programacio_consoles/ndside/msys64/opt/devkitpro/libnds/lib\libnds9.a(securearea.o)
                              c:/users/victo/documents/enti/4rt/programacio_consoles/ndside/msys64/opt/devkitpro/devkitarm/bin/../lib/gcc/arm-none-eabi/8.3.0/../../../../arm-none-eabi/lib/thumb/ds_arm9_crt0.o (__secure_area__)
C:/Users/victo/Documents/ENTI/4rt/Programacio_consoles/ndside/msys64/opt/devkitpro/libnds/lib\libnds9.a(interrupts.o)
                              C:/Users/victo/Documents/ENTI/4rt/Programacio_consoles/ndside/msys64/opt/devkitpro/libnds/lib\libnds9.a(initSystem.o) (irqInit)
C:/Users/victo/Documents/ENTI/4rt/Programacio_consoles/ndside/msys64/opt/devkitpro/libnds/lib\libnds9.a(libnds_exit.arm.o)
                              c:/users/victo/documents/enti/4rt/programacio_consoles/ndside/msys64/opt/devkitpro/devkitarm/bin/../lib/gcc/arm-none-eabi/8.3.0/../../../../arm-none-eabi/lib/thumb/ds_arm9_crt0.o (__libnds_exit)
C:/Users/victo/Documents/ENTI/4rt/Programacio_consoles/ndside/msys64/opt/devkitpro/libnds/lib\libnds9.a(fifosystem.o)
                              C:/Users/victo/Documents/ENTI/4rt/Programacio_consoles/ndside/msys64/opt/devkitpro/libnds/lib\libnds9.a(initSystem.o) (fifoSetValue32Handler)
C:/Users/victo/Documents/ENTI/4rt/Programacio_consoles/ndside/msys64/opt/devkitpro/libnds/lib\libnds9.a(dcache.o)
                              C:/Users/victo/Documents/ENTI/4rt/Programacio_consoles/ndside/msys64/opt/devkitpro/libnds/lib\libnds9.a(sprite.o) (DC_FlushRange)
C:/Users/victo/Documents/ENTI/4rt/Programacio_consoles/ndside/msys64/opt/devkitpro/libnds/lib\libnds9.a(mpu_setup.o)
                              c:/users/victo/documents/enti/4rt/programacio_consoles/ndside/msys64/opt/devkitpro/devkitarm/bin/../lib/gcc/arm-none-eabi/8.3.0/../../../../arm-none-eabi/lib/thumb/ds_arm9_crt0.o (__libnds_mpu_setup)
C:/Users/victo/Documents/ENTI/4rt/Programacio_consoles/ndside/msys64/opt/devkitpro/libnds/lib\libnds9.a(IntrWait.o)
                              template.o (swiWaitForVBlank)
C:/Users/victo/Documents/ENTI/4rt/Programacio_consoles/ndside/msys64/opt/devkitpro/libnds/lib\libnds9.a(cpu_clock.o)
                              C:/Users/victo/Documents/ENTI/4rt/Programacio_consoles/ndside/msys64/opt/devkitpro/libnds/lib\libnds9.a(initSystem.o) (setCpuClock)
C:/Users/victo/Documents/ENTI/4rt/Programacio_consoles/ndside/msys64/opt/devkitpro/libnds/lib\libnds9.a(interruptDispatcher.o)
                              C:/Users/victo/Documents/ENTI/4rt/Programacio_consoles/ndside/msys64/opt/devkitpro/libnds/lib\libnds9.a(interrupts.o) (IntrMain)
C:/Users/victo/Documents/ENTI/4rt/Programacio_consoles/ndside/msys64/opt/devkitpro/libnds/lib\libnds9.a(swiSoftReset.o)
                              C:/Users/victo/Documents/ENTI/4rt/Programacio_consoles/ndside/msys64/opt/devkitpro/libnds/lib\libnds9.a(fifosystem.o) (swiSoftReset)
C:/Users/victo/Documents/ENTI/4rt/Programacio_consoles/ndside/msys64/opt/devkitpro/libnds/lib\libnds9.a(video.o)
                              C:/Users/victo/Documents/ENTI/4rt/Programacio_consoles/ndside/msys64/opt/devkitpro/libnds/lib\libnds9.a(initSystem.o) (vramDefault)
C:/Users/victo/Documents/ENTI/4rt/Programacio_consoles/ndside/msys64/opt/devkitpro/libnds/lib\libnds9.a(system.o)
                              C:/Users/victo/Documents/ENTI/4rt/Programacio_consoles/ndside/msys64/opt/devkitpro/libnds/lib\libnds9.a(initSystem.o) (systemValueHandler)
C:/Users/victo/Documents/ENTI/4rt/Programacio_consoles/ndside/msys64/opt/devkitpro/libnds/lib\libnds9.a(trig.o)
                              C:/Users/victo/Documents/ENTI/4rt/Programacio_consoles/ndside/msys64/opt/devkitpro/libnds/lib\libnds9.a(sprite.o) (sinLerp)
[...]
Memory Configuration

Name             Origin             Length             Attributes
ewram            0x0000000002000000 0x0000000000380000
dtcm             0x000000000b000000 0x0000000000004000
vectors          0x0000000001000000 0x0000000000000100
itcm             0x0000000001000100 0x0000000000007f00
*default*        0x0000000000000000 0xffffffffffffffff

Linker script and memory map

                0x0000000002380000                __ewram_end = (ORIGIN (ewram) + LENGTH (ewram))
                0x0000000002380000                __eheap_end = (ORIGIN (ewram) + LENGTH (ewram))
                0x000000000b004000                __dtcm_top = (ORIGIN (dtcm) + LENGTH (dtcm))
                0x000000000b003ff8                __irq_flags = (__dtcm_top - 0x8)
                0x000000000b003ffc                __irq_vector = (__dtcm_top - 0x4)
                0x000000000b003f00                __sp_svc = (__dtcm_top - 0x100)
                0x000000000b003e00                __sp_irq = (__sp_svc - 0x100)
                0x000000000b003d00                __sp_usr = (__sp_irq - 0x100)

.secure         0x0000000002000000      0x800
 *(.secure)
 .secure        0x0000000002000000      0x800 C:/Users/victo/Documents/ENTI/4rt/Programacio_consoles/ndside/msys64/opt/devkitpro/libnds/lib\libnds9.a(securearea.o)
                0x0000000002000000                __secure_area__

.crt0           0x0000000002000800      0x300
                0x0000000002000800                __text_start = .
 *(.crt0)
 .crt0          0x0000000002000800      0x300 c:/users/victo/documents/enti/4rt/programacio_consoles/ndside/msys64/opt/devkitpro/devkitarm/bin/../lib/gcc/arm-none-eabi/8.3.0/../../../../arm-none-eabi/lib/thumb/ds_arm9_crt0.o
                0x0000000002000800                _start
                0x0000000002000b00                . = ALIGN (0x4)

.plt
 *(.plt)

.init           0x0000000002000b00        0xc
 *(SORT_NONE(.init))
 .init          0x0000000002000b00        0x4 c:/users/victo/documents/enti/4rt/programacio_consoles/ndside/msys64/opt/devkitpro/devkitarm/bin/../lib/gcc/arm-none-eabi/8.3.0/thumb/crti.o
                0x0000000002000b00                _init
 .init          0x0000000002000b04        0x8 c:/users/victo/documents/enti/4rt/programacio_consoles/ndside/msys64/opt/devkitpro/devkitarm/bin/../lib/gcc/arm-none-eabi/8.3.0/thumb/crtn.o

.text           0x0000000002000b10     0x2f58
 *(EXCLUDE_FILE(*.twl* *.vectors* *.itcm*) .text)
 .text          0x0000000002000b10      0x258 template.o
                0x0000000002000b10                animateMan
                0x0000000002000b4c                initMan
                0x0000000002000b6c                animateWoman
                0x0000000002000b7c                initWoman
                0x0000000002000be4                animateBird
                0x0000000002000bec                showPipe
                0x0000000002000bf4                initBird
                0x0000000002000c5c                initPipe
                0x0000000002000c9c                initBackgrounds
 .text          0x0000000002000d68      0x150 c:/users/victo/documents/enti/4rt/programacio_consoles/ndside/msys64/opt/devkitpro/devkitarm/bin/../lib/gcc/arm-none-eabi/8.3.0/thumb\libgcc.a(_divsi3.o)
                0x0000000002000d68                __divsi3
                0x0000000002000d68                __aeabi_idiv
                0x0000000002000e98                __aeabi_idivmod
 .text          0x0000000002000eb8        0x4 c:/users/victo/documents/enti/4rt/programacio_consoles/ndside/msys64/opt/devkitpro/devkitarm/bin/../lib/gcc/arm-none-eabi/8.3.0/thumb\libgcc.a(_dvmd_tls.o)
                0x0000000002000eb8                __aeabi_idiv0
                0x0000000002000eb8                __aeabi_ldiv0
 *(EXCLUDE_FILE(*.twl* *.vectors* *.itcm*) .stub)
 *(EXCLUDE_FILE(*.twl* *.vectors* *.itcm*) .text.*)
 .text.deregister_tm_clones
                0x0000000002000ebc       0x2c c:/users/victo/documents/enti/4rt/programacio_consoles/ndside/msys64/opt/devkitpro/devkitarm/bin/../lib/gcc/arm-none-eabi/8.3.0/thumb/crtbegin.o
 .text.register_tm_clones
                0x0000000002000ee8       0x34 c:/users/victo/documents/enti/4rt/programacio_consoles/ndside/msys64/opt/devkitpro/devkitarm/bin/../lib/gcc/arm-none-eabi/8.3.0/thumb/crtbegin.o
 .text.__do_global_dtors_aux
                0x0000000002000f1c       0x30 c:/users/victo/documents/enti/4rt/programacio_consoles/ndside/msys64/opt/devkitpro/devkitarm/bin/../lib/gcc/arm-none-eabi/8.3.0/thumb/crtbegin.o
 .text.frame_dummy
                0x0000000002000f4c       0x28 c:/users/victo/documents/enti/4rt/programacio_consoles/ndside/msys64/opt/devkitpro/devkitarm/bin/../lib/gcc/arm-none-eabi/8.3.0/thumb/crtbegin.o
 .text.startup  0x0000000002000f74      0x358 template.o
                0x0000000002000f74                main
 .text.getAllocHeader
                0x00000000020012cc       0x28 C:/Users/victo/Documents/ENTI/4rt/Programacio_consoles/ndside/msys64/opt/devkitpro/libnds/lib\libnds9.a(sprite_alloc.o)
 .text.oamAllocReset
                0x00000000020012f4       0x1c C:/Users/victo/Documents/ENTI/4rt/Programacio_consoles/ndside/msys64/opt/devkitpro/libnds/lib\libnds9.a(sprite_alloc.o)
                0x00000000020012f4                oamAllocReset
 .text.oamAllocateGfx
                0x0000000002001310      0x224 C:/Users/victo/Documents/ENTI/4rt/Programacio_consoles/ndside/msys64/opt/devkitpro/libnds/lib\libnds9.a(sprite_alloc.o)
                0x0000000002001310                oamAllocateGfx
 .text.oamInit  0x0000000002001534      0x11c C:/Users/victo/Documents/ENTI/4rt/Programacio_consoles/ndside/msys64/opt/devkitpro/libnds/lib\libnds9.a(sprite.o)
                0x0000000002001534                oamInit
 .text.oamGetGfxPtr
                0x0000000002001650       0x38 C:/Users/victo/Documents/ENTI/4rt/Programacio_consoles/ndside/msys64/opt/devkitpro/libnds/lib\libnds9.a(sprite.o)
                0x0000000002001650                oamGetGfxPtr
 .text.oamGfxPtrToOffset
                0x0000000002001688       0x34 C:/Users/victo/Documents/ENTI/4rt/Programacio_consoles/ndside/msys64/opt/devkitpro/libnds/lib\libnds9.a(sprite.o)
                0x0000000002001688                oamGfxPtrToOffset
 .text.oamSet   0x00000000020016bc      0x148 C:/Users/victo/Documents/ENTI/4rt/Programacio_consoles/ndside/msys64/opt/devkitpro/libnds/lib\libnds9.a(sprite.o)
                0x00000000020016bc                oamSet
 .text.oamUpdate
                0x0000000002001804       0x60 C:/Users/victo/Documents/ENTI/4rt/Programacio_consoles/ndside/msys64/opt/devkitpro/libnds/lib\libnds9.a(sprite.o)
                0x0000000002001804                oamUpdate
 .text.scanKeys
                0x0000000002001864       0x8c C:/Users/victo/Documents/ENTI/4rt/Programacio_consoles/ndside/msys64/opt/devkitpro/libnds/lib\libnds9.a(keys.o)
                0x0000000002001864                scanKeys
 .text.keysHeld
                0x00000000020018f0        0xc C:/Users/victo/Documents/ENTI/4rt/Programacio_consoles/ndside/msys64/opt/devkitpro/libnds/lib\libnds9.a(keys.o)
                0x00000000020018f0                keysHeld
 .text.initSystem
                0x00000000020018fc      0x198 C:/Users/victo/Documents/ENTI/4rt/Programacio_consoles/ndside/msys64/opt/devkitpro/libnds/lib\libnds9.a(initSystem.o)
                0x00000000020018fc                initSystem
 .text.__libnds_gtod
                0x0000000002001a94       0x28 C:/Users/victo/Documents/ENTI/4rt/Programacio_consoles/ndside/msys64/opt/devkitpro/libnds/lib\libnds9.a(timeSupport.o)
                0x0000000002001a94                __libnds_gtod
 .text.irqDummy
                0x0000000002001abc        0x4 C:/Users/victo/Documents/ENTI/4rt/Programacio_consoles/ndside/msys64/opt/devkitpro/libnds/lib\libnds9.a(interrupts.o)
                0x0000000002001abc                irqDummy
 .text.irqSet   0x0000000002001ac0       0x6c C:/Users/victo/Documents/ENTI/4rt/Programacio_consoles/ndside/msys64/opt/devkitpro/libnds/lib\libnds9.a(interrupts.o)
                0x0000000002001ac0                irqSet
 .text.irqInit  0x0000000002001b2c       0x50 C:/Users/victo/Documents/ENTI/4rt/Programacio_consoles/ndside/msys64/opt/devkitpro/libnds/lib\libnds9.a(interrupts.o)
                0x0000000002001b2c                irqInit
 .text.irqEnable
                0x0000000002001b7c       0x64 C:/Users/victo/Documents/ENTI/4rt/Programacio_consoles/ndside/msys64/opt/devkitpro/libnds/lib\libnds9.a(interrupts.o)
                0x0000000002001b7c                irqEnable
 .text.systemErrorExit
                0x0000000002001be0        0x4 C:/Users/victo/Documents/ENTI/4rt/Programacio_consoles/ndside/msys64/opt/devkitpro/libnds/lib\libnds9.a(libnds_exit.arm.o)
                0x0000000002001be0                systemErrorExit
 *fill*         0x0000000002001be4        0x4 ff
 .text.__libnds_exit
                0x0000000002001be8       0x5c C:/Users/victo/Documents/ENTI/4rt/Programacio_consoles/ndside/msys64/opt/devkitpro/libnds/lib\libnds9.a(libnds_exit.arm.o)
                0x0000000002001be8                __libnds_exit
 .text.fifo_waitBlock
                0x0000000002001c44       0x80 C:/Users/victo/Documents/ENTI/4rt/Programacio_consoles/ndside/msys64/opt/devkitpro/libnds/lib\libnds9.a(fifosystem.o)
 .text.fifo_queueBlock
                0x0000000002001cc4       0x40 C:/Users/victo/Documents/ENTI/4rt/Programacio_consoles/ndside/msys64/opt/devkitpro/libnds/lib\libnds9.a(fifosystem.o)
 .text.fifoInternalSendInterrupt
                0x0000000002001d04       0xac C:/Users/victo/Documents/ENTI/4rt/Programacio_consoles/ndside/msys64/opt/devkitpro/libnds/lib\libnds9.a(fifosystem.o)
 .text.fifoInternalSend.part.2
                0x0000000002001db0       0xd4 C:/Users/victo/Documents/ENTI/4rt/Programacio_consoles/ndside/msys64/opt/devkitpro/libnds/lib\libnds9.a(fifosystem.o)
 .text.fifoGetValue32.part.3
                0x0000000002001e84       0x74 C:/Users/victo/Documents/ENTI/4rt/Programacio_consoles/ndside/msys64/opt/devkitpro/libnds/lib\libnds9.a(fifosystem.o)
 .text.fifoSetValue32Handler
                0x0000000002001ef8       0x78 C:/Users/victo/Documents/ENTI/4rt/Programacio_consoles/ndside/msys64/opt/devkitpro/libnds/lib\libnds9.a(fifosystem.o)
                0x0000000002001ef8                fifoSetValue32Handler
 .text.fifoSendValue32
                0x0000000002001f70       0x4c C:/Users/victo/Documents/ENTI/4rt/Programacio_consoles/ndside/msys64/opt/devkitpro/libnds/lib\libnds9.a(fifosystem.o)
                0x0000000002001f70                fifoSendValue32
 .text.fifoGetDatamsg
                0x0000000002001fbc      0x138 C:/Users/victo/Documents/ENTI/4rt/Programacio_consoles/ndside/msys64/opt/devkitpro/libnds/lib\libnds9.a(fifosystem.o)
                0x0000000002001fbc                fifoGetDatamsg
 .text.fifoInternalRecvInterrupt
                0x00000000020020f4      0x3dc C:/Users/victo/Documents/ENTI/4rt/Programacio_consoles/ndside/msys64/opt/devkitpro/libnds/lib\libnds9.a(fifosystem.o)
 .text.fifoSetDatamsgHandler
                0x00000000020024d0       0x9c C:/Users/victo/Documents/ENTI/4rt/Programacio_consoles/ndside/msys64/opt/devkitpro/libnds/lib\libnds9.a(fifosystem.o)
                0x00000000020024d0                fifoSetDatamsgHandler
 .text.fifoInit
                0x000000000200256c      0x104 C:/Users/victo/Documents/ENTI/4rt/Programacio_consoles/ndside/msys64/opt/devkitpro/libnds/lib\libnds9.a(fifosystem.o)
                0x000000000200256c                fifoInit
 .text.DC_FlushRange
                0x0000000002002670       0x24 C:/Users/victo/Documents/ENTI/4rt/Programacio_consoles/ndside/msys64/opt/devkitpro/libnds/lib\libnds9.a(dcache.o)
                0x0000000002002670                DC_FlushRange
 .text.__libnds_mpu_setup
                0x0000000002002694      0x174 C:/Users/victo/Documents/ENTI/4rt/Programacio_consoles/ndside/msys64/opt/devkitpro/libnds/lib\libnds9.a(mpu_setup.o)
                0x0000000002002694                __libnds_mpu_setup
 .text.memUncached
                0x0000000002002808       0x20 C:/Users/victo/Documents/ENTI/4rt/Programacio_consoles/ndside/msys64/opt/devkitpro/libnds/lib\libnds9.a(mpu_setup.o)
                0x0000000002002808                memUncached
 .text.swiWaitForVBlank
                0x0000000002002828        0x8 C:/Users/victo/Documents/ENTI/4rt/Programacio_consoles/ndside/msys64/opt/devkitpro/libnds/lib\libnds9.a(IntrWait.o)
                0x0000000002002828                swiWaitForVBlank
 .text.swiIntrWait
                0x0000000002002830       0x70 C:/Users/victo/Documents/ENTI/4rt/Programacio_consoles/ndside/msys64/opt/devkitpro/libnds/lib\libnds9.a(IntrWait.o)
                0x0000000002002830                swiIntrWait
 .text.setCpuClock
                0x00000000020028a0       0x50 C:/Users/victo/Documents/ENTI/4rt/Programacio_consoles/ndside/msys64/opt/devkitpro/libnds/lib\libnds9.a(cpu_clock.o)
                0x00000000020028a0                setCpuClock
 .text.swiSoftReset
                0x00000000020028f0       0x2c C:/Users/victo/Documents/ENTI/4rt/Programacio_consoles/ndside/msys64/opt/devkitpro/libnds/lib\libnds9.a(swiSoftReset.o)
                0x00000000020028f0                swiSoftReset
 .text.vramDefault
                0x000000000200291c       0xd0 C:/Users/victo/Documents/ENTI/4rt/Programacio_consoles/ndside/msys64/opt/devkitpro/libnds/lib\libnds9.a(video.o)
                0x000000000200291c                vramDefault
 .text.systemValueHandler
                0x00000000020029ec       0x48 C:/Users/victo/Documents/ENTI/4rt/Programacio_consoles/ndside/msys64/opt/devkitpro/libnds/lib\libnds9.a(system.o)
                0x00000000020029ec                systemValueHandler
 .text.systemMsgHandler
                0x0000000002002a34       0x5c C:/Users/victo/Documents/ENTI/4rt/Programacio_consoles/ndside/msys64/opt/devkitpro/libnds/lib\libnds9.a(system.o)
                0x0000000002002a34                systemMsgHandler
 .text.powerOn  0x0000000002002a90       0x2c C:/Users/victo/Documents/ENTI/4rt/Programacio_consoles/ndside/msys64/opt/devkitpro/libnds/lib\libnds9.a(system.o)
                0x0000000002002a90                powerOn
 .text.swiDelay
                0x0000000002002abc        0x4 C:/Users/victo/Documents/ENTI/4rt/Programacio_consoles/ndside/msys64/opt/devkitpro/libnds/lib\libnds9.a(biosCalls.o)
                0x0000000002002abc                swiDelay
 .text.__libc_init_array
                0x0000000002002ac0       0x50 c:/users/victo/documents/enti/4rt/programacio_consoles/ndside/msys64/opt/devkitpro/devkitarm/bin/../lib/gcc/arm-none-eabi/8.3.0/../../../../arm-none-eabi/lib/thumb\libg.a(lib_a-init.o)
                0x0000000002002ac0                __libc_init_array
 .text.malloc   0x0000000002002b10       0x14 c:/users/victo/documents/enti/4rt/programacio_consoles/ndside/msys64/opt/devkitpro/devkitarm/bin/../lib/gcc/arm-none-eabi/8.3.0/../../../../arm-none-eabi/lib/thumb\libg.a(lib_a-malloc.o)
                0x0000000002002b10                malloc
 .text.free     0x0000000002002b24       0x14 c:/users/victo/documents/enti/4rt/programacio_consoles/ndside/msys64/opt/devkitpro/devkitarm/bin/../lib/gcc/arm-none-eabi/8.3.0/../../../../arm-none-eabi/lib/thumb\libg.a(lib_a-malloc.o)
                0x0000000002002b24                free
 .text._malloc_r
                0x0000000002002b38      0x594 c:/users/victo/documents/enti/4rt/programacio_consoles/ndside/msys64/opt/devkitpro/devkitarm/bin/../lib/gcc/arm-none-eabi/8.3.0/../../../../arm-none-eabi/lib/thumb\libg.a(lib_a-mallocr.o)
                0x0000000002002b38                _malloc_r
 .text.memcpy   0x00000000020030cc       0xac c:/users/victo/documents/enti/4rt/programacio_consoles/ndside/msys64/opt/devkitpro/devkitarm/bin/../lib/gcc/arm-none-eabi/8.3.0/../../../../arm-none-eabi/lib/thumb\libg.a(lib_a-memcpy-stub.o)
                0x00000000020030cc                memcpy
 .text.memset   0x0000000002003178       0xb0 c:/users/victo/documents/enti/4rt/programacio_consoles/ndside/msys64/opt/devkitpro/devkitarm/bin/../lib/gcc/arm-none-eabi/8.3.0/../../../../arm-none-eabi/lib/thumb\libg.a(lib_a-memset.o)
                0x0000000002003178                memset
 .text.__malloc_lock
                0x0000000002003228       0x14 c:/users/victo/documents/enti/4rt/programacio_consoles/ndside/msys64/opt/devkitpro/devkitarm/bin/../lib/gcc/arm-none-eabi/8.3.0/../../../../arm-none-eabi/lib/thumb\libg.a(lib_a-mlock.o)
                0x0000000002003228                __malloc_lock
 .text.__malloc_unlock
                0x000000000200323c       0x14 c:/users/victo/documents/enti/4rt/programacio_consoles/ndside/msys64/opt/devkitpro/devkitarm/bin/../lib/gcc/arm-none-eabi/8.3.0/../../../../arm-none-eabi/lib/thumb\libg.a(lib_a-mlock.o)
                0x000000000200323c                __malloc_unlock
 .text.realloc  0x0000000002003250       0x18 c:/users/victo/documents/enti/4rt/programacio_consoles/ndside/msys64/opt/devkitpro/devkitarm/bin/../lib/gcc/arm-none-eabi/8.3.0/../../../../arm-none-eabi/lib/thumb\libg.a(lib_a-realloc.o)
                0x0000000002003250                realloc
 .text._realloc_r
                0x0000000002003268      0x370 c:/users/victo/documents/enti/4rt/programacio_consoles/ndside/msys64/opt/devkitpro/devkitarm/bin/../lib/gcc/arm-none-eabi/8.3.0/../../../../arm-none-eabi/lib/thumb\libg.a(lib_a-reallocr.o)
                0x0000000002003268                _realloc_r
 .text._malloc_trim_r
                0x00000000020035d8       0xa4 c:/users/victo/documents/enti/4rt/programacio_consoles/ndside/msys64/opt/devkitpro/devkitarm/bin/../lib/gcc/arm-none-eabi/8.3.0/../../../../arm-none-eabi/lib/thumb\libg.a(lib_a-freer.o)
                0x00000000020035d8                _malloc_trim_r
 .text._free_r  0x000000000200367c      0x1e0 c:/users/victo/documents/enti/4rt/programacio_consoles/ndside/msys64/opt/devkitpro/devkitarm/bin/../lib/gcc/arm-none-eabi/8.3.0/../../../../arm-none-eabi/lib/thumb\libg.a(lib_a-freer.o)
                0x000000000200367c                _free_r
 .text.memmove  0x000000000200385c       0xb4 c:/users/victo/documents/enti/4rt/programacio_consoles/ndside/msys64/opt/devkitpro/devkitarm/bin/../lib/gcc/arm-none-eabi/8.3.0/../../../../arm-none-eabi/lib/thumb\libg.a(lib_a-memmove.o)
                0x000000000200385c                memmove
 .text._sbrk_r  0x0000000002003910       0x54 c:/users/victo/documents/enti/4rt/programacio_consoles/ndside/msys64/opt/devkitpro/devkitarm/bin/../lib/gcc/arm-none-eabi/8.3.0/../../../../arm-none-eabi/lib/thumb\libsysbase.a(sbrk.o)
                0x0000000002003910                _sbrk_r
 .text.build_argv
                0x0000000002003964       0x4c c:/users/victo/documents/enti/4rt/programacio_consoles/ndside/msys64/opt/devkitpro/devkitarm/bin/../lib/gcc/arm-none-eabi/8.3.0/../../../../arm-none-eabi/lib/thumb\libsysbase.a(build_argv.o)
                0x0000000002003964                build_argv
 .text.__libc_lock_acquire_recursive
                0x00000000020039b0       0x1c c:/users/victo/documents/enti/4rt/programacio_consoles/ndside/msys64/opt/devkitpro/devkitarm/bin/../lib/gcc/arm-none-eabi/8.3.0/../../../../arm-none-eabi/lib/thumb\libsysbase.a(syscall_support.o)
                0x00000000020039b0                __libc_lock_acquire_recursive
 .text.__libc_lock_release_recursive
                0x00000000020039cc       0x1c c:/users/victo/documents/enti/4rt/programacio_consoles/ndside/msys64/opt/devkitpro/devkitarm/bin/../lib/gcc/arm-none-eabi/8.3.0/../../../../arm-none-eabi/lib/thumb\libsysbase.a(syscall_support.o)
                0x00000000020039cc                __libc_lock_release_recursive
 .text.__getreent
                0x00000000020039e8       0x28 c:/users/victo/documents/enti/4rt/programacio_consoles/ndside/msys64/opt/devkitpro/devkitarm/bin/../lib/gcc/arm-none-eabi/8.3.0/../../../../arm-none-eabi/lib/thumb\libsysbase.a(getreent.o)
                0x00000000020039e8                __getreent
 .text.__getreent.__stub
                0x0000000002003a10       0x50 linker stubs
 *(EXCLUDE_FILE(*.twl*) .gnu.warning)
 *(EXCLUDE_FILE(*.twl*) .gnu.linkonce.t*)
 *(.glue_7)
 .glue_7        0x0000000002003a68        0x0 linker stubs
 *(.glue_7t)
 .glue_7t       0x0000000002003a68        0x0 linker stubs
                0x0000000002003a68                . = ALIGN (0x4)

.vfp11_veneer   0x0000000002003a68        0x0
 .vfp11_veneer  0x0000000002003a68        0x0 linker stubs

.v4_bx          0x0000000002003a68        0x0
 .v4_bx         0x0000000002003a68        0x0 linker stubs

.iplt           0x0000000002003a68        0x0
 .iplt          0x0000000002003a68        0x0 c:/users/victo/documents/enti/4rt/programacio_consoles/ndside/msys64/opt/devkitpro/devkitarm/bin/../lib/gcc/arm-none-eabi/8.3.0/../../../../arm-none-eabi/lib/thumb/ds_arm9_crt0.o

.fini           0x0000000002003a68        0xc
 *(.fini)
 .fini          0x0000000002003a68        0x4 c:/users/victo/documents/enti/4rt/programacio_consoles/ndside/msys64/opt/devkitpro/devkitarm/bin/../lib/gcc/arm-none-eabi/8.3.0/thumb/crti.o
                0x0000000002003a68                _fini
 .fini          0x0000000002003a6c        0x8 c:/users/victo/documents/enti/4rt/programacio_consoles/ndside/msys64/opt/devkitpro/devkitarm/bin/../lib/gcc/arm-none-eabi/8.3.0/thumb/crtn.o
                0x0000000002003a74                __text_end = .

.rodata         0x0000000002003a74     0x8800
 *(EXCLUDE_FILE(*.twl*) .rodata)
 .rodata        0x0000000002003a74     0x5600 flappy_yellow.o
                0x0000000002003a74                flappy_yellowTiles
                0x0000000002008e74                flappy_yellowPal
 .rodata        0x0000000002009074     0x3200 man.o
                0x0000000002009074                manTiles
                0x000000000200c074                manPal
 *all.rodata*(*)
 *(EXCLUDE_FILE(*.twl*) .roda)
 *(EXCLUDE_FILE(*.twl*) .rodata.*)
 *(EXCLUDE_FILE(*.twl*) .gnu.linkonce.r*)
                0x000000000200c274                . = ALIGN (0x4)

.ARM.extab
 *(.ARM.extab* .gnu.linkonce.armextab.*)
                0x000000000200c274                __exidx_start = .

ARM.exidx
 *(.ARM.exidx* .gnu.linkonce.armexidx.*)
                0x000000000200c274                __exidx_end = .
                0x000000000200c274                . = ALIGN (0x4)
                0x000000000200c274                PROVIDE (__preinit_array_start = .)

.preinit_array
 *(.preinit_array)
                0x000000000200c274                PROVIDE (__preinit_array_end = .)
                0x000000000200c274                PROVIDE (__init_array_start = .)

.init_array     0x000000000200c274        0x4
 *(SORT_BY_NAME(.init_array.*))
 *(.init_array)
 .init_array    0x000000000200c274        0x4 c:/users/victo/documents/enti/4rt/programacio_consoles/ndside/msys64/opt/devkitpro/devkitarm/bin/../lib/gcc/arm-none-eabi/8.3.0/thumb/crtbegin.o
                0x000000000200c278                PROVIDE (__init_array_end = .)
                [!provide]                        PROVIDE (__fini_array_start = .)

.fini_array     0x000000000200c278        0x4
 *(.fini_array)
 .fini_array    0x000000000200c278        0x4 c:/users/victo/documents/enti/4rt/programacio_consoles/ndside/msys64/opt/devkitpro/devkitarm/bin/../lib/gcc/arm-none-eabi/8.3.0/thumb/crtbegin.o
 *(SORT_BY_NAME(.fini_array.*))
                [!provide]                        PROVIDE (__fini_array_end = .)

.ctors          0x000000000200c27c        0x0
 *crtbegin.o(.ctors)
 *(EXCLUDE_FILE(*crtend.o) .ctors)
 *(SORT_BY_NAME(.ctors.*))
 *(.ctors)
                0x000000000200c27c                . = ALIGN (0x4)

.dtors          0x000000000200c27c        0x0
 *crtbegin.o(.dtors)
 *(EXCLUDE_FILE(*crtend.o) .dtors)
 *(SORT_BY_NAME(.dtors.*))
 *(.dtors)
                0x000000000200c27c                . = ALIGN (0x4)

.eh_frame       0x000000000200c27c        0x4
 *(.eh_frame)
 .eh_frame      0x000000000200c27c        0x0 c:/users/victo/documents/enti/4rt/programacio_consoles/ndside/msys64/opt/devkitpro/devkitarm/bin/../lib/gcc/arm-none-eabi/8.3.0/thumb/crtbegin.o
 .eh_frame      0x000000000200c27c        0x4 c:/users/victo/documents/enti/4rt/programacio_consoles/ndside/msys64/opt/devkitpro/devkitarm/bin/../lib/gcc/arm-none-eabi/8.3.0/thumb/crtend.o
                0x000000000200c280                . = ALIGN (0x4)

.rel.dyn        0x000000000200c280        0x0
 .rel.iplt      0x000000000200c280        0x0 c:/users/victo/documents/enti/4rt/programacio_consoles/ndside/msys64/opt/devkitpro/devkitarm/bin/../lib/gcc/arm-none-eabi/8.3.0/../../../../arm-none-eabi/lib/thumb/ds_arm9_crt0.o

.gcc_except_table
                0x000000000200c280        0x0
 *(.gcc_except_table)
                0x000000000200c280                . = ALIGN (0x4)

.jcr
 *(.jcr)

.got
 *(.got.plt)
 *(.got)
 *(.rel.got)

.ewram          0x000000000200c280        0x0
                0x000000000200c280                __ewram_start = ABSOLUTE (.)
 *(.ewram)
 *ewram.*(.text)
                0x000000000200c280                . = ALIGN (0x4)

.data           0x000000000200c280      0x8f0
                0x000000000200c280                __data_start = ABSOLUTE (.)
 *(EXCLUDE_FILE(*.twl*) .data)
 .data          0x000000000200c280       0x28 C:/Users/victo/Documents/ENTI/4rt/Programacio_consoles/ndside/msys64/opt/devkitpro/libnds/lib\libnds9.a(mpu_setup.o)
 *(EXCLUDE_FILE(*.twl*) .data.*)
 .data.oamMain  0x000000000200c2a8       0x18 C:/Users/victo/Documents/ENTI/4rt/Programacio_consoles/ndside/msys64/opt/devkitpro/libnds/lib\libnds9.a(sprite.o)
                0x000000000200c2a8                oamMain
 .data.oamSub   0x000000000200c2c0       0x18 C:/Users/victo/Documents/ENTI/4rt/Programacio_consoles/ndside/msys64/opt/devkitpro/libnds/lib\libnds9.a(sprite.o)
                0x000000000200c2c0                oamSub
 .data.count    0x000000000200c2d8        0x1 C:/Users/victo/Documents/ENTI/4rt/Programacio_consoles/ndside/msys64/opt/devkitpro/libnds/lib\libnds9.a(keys.o)
 .data.delay    0x000000000200c2d9        0x1 C:/Users/victo/Documents/ENTI/4rt/Programacio_consoles/ndside/msys64/opt/devkitpro/libnds/lib\libnds9.a(keys.o)
 .data.repeat   0x000000000200c2da        0x1 C:/Users/victo/Documents/ENTI/4rt/Programacio_consoles/ndside/msys64/opt/devkitpro/libnds/lib\libnds9.a(keys.o)
 *fill*         0x000000000200c2db        0x1 ff
 .data.fifo_buffer_free
                0x000000000200c2dc        0x4 C:/Users/victo/Documents/ENTI/4rt/Programacio_consoles/ndside/msys64/opt/devkitpro/libnds/lib\libnds9.a(fifosystem.o)
                0x000000000200c2dc                fifo_buffer_free
 .data.fifo_freewords
                0x000000000200c2e0        0x4 C:/Users/victo/Documents/ENTI/4rt/Programacio_consoles/ndside/msys64/opt/devkitpro/libnds/lib\libnds9.a(fifosystem.o)
                0x000000000200c2e0                fifo_freewords
 .data.fifo_receive_queue
                0x000000000200c2e4        0x4 C:/Users/victo/Documents/ENTI/4rt/Programacio_consoles/ndside/msys64/opt/devkitpro/libnds/lib\libnds9.a(fifosystem.o)
                0x000000000200c2e4                fifo_receive_queue
 .data.fifo_send_queue
                0x000000000200c2e8        0x4 C:/Users/victo/Documents/ENTI/4rt/Programacio_consoles/ndside/msys64/opt/devkitpro/libnds/lib\libnds9.a(fifosystem.o)
                0x000000000200c2e8                fifo_send_queue
 .data.__malloc_av_
                0x000000000200c2ec      0x408 c:/users/victo/documents/enti/4rt/programacio_consoles/ndside/msys64/opt/devkitpro/devkitarm/bin/../lib/gcc/arm-none-eabi/8.3.0/../../../../arm-none-eabi/lib/thumb\libg.a(lib_a-mallocr.o)
                0x000000000200c2ec                __malloc_av_
 .data.__malloc_sbrk_base
                0x000000000200c6f4        0x4 c:/users/victo/documents/enti/4rt/programacio_consoles/ndside/msys64/opt/devkitpro/devkitarm/bin/../lib/gcc/arm-none-eabi/8.3.0/../../../../arm-none-eabi/lib/thumb\libg.a(lib_a-mallocr.o)
                0x000000000200c6f4                __malloc_sbrk_base
 .data.__malloc_trim_threshold
                0x000000000200c6f8        0x4 c:/users/victo/documents/enti/4rt/programacio_consoles/ndside/msys64/opt/devkitpro/devkitarm/bin/../lib/gcc/arm-none-eabi/8.3.0/../../../../arm-none-eabi/lib/thumb\libg.a(lib_a-mallocr.o)
                0x000000000200c6f8                __malloc_trim_threshold
 .data.__malloc_recursive_mutex
                0x000000000200c6fc        0xc c:/users/victo/documents/enti/4rt/programacio_consoles/ndside/msys64/opt/devkitpro/devkitarm/bin/../lib/gcc/arm-none-eabi/8.3.0/../../../../arm-none-eabi/lib/thumb\libg.a(lib_a-mlock.o)
 .data._impure_ptr
                0x000000000200c708        0x4 c:/users/victo/documents/enti/4rt/programacio_consoles/ndside/msys64/opt/devkitpro/devkitarm/bin/../lib/gcc/arm-none-eabi/8.3.0/../../../../arm-none-eabi/lib/thumb\libg.a(lib_a-impure.o)
                0x000000000200c708                _impure_ptr
 *fill*         0x000000000200c70c        0x4 ff
 .data.impure_data
                0x000000000200c710      0x460 c:/users/victo/documents/enti/4rt/programacio_consoles/ndside/msys64/opt/devkitpro/devkitarm/bin/../lib/gcc/arm-none-eabi/8.3.0/../../../../arm-none-eabi/lib/thumb\libg.a(lib_a-impure.o)
 *(EXCLUDE_FILE(*.twl*) .gnu.linkonce.d*)
                0x000000000200cb70                . = ALIGN (0x4)
                0x000000000200cb70                __data_end = ABSOLUTE (.)
                0x000000000200cb70                __bss_vma = .

.igot.plt       0x000000000200cb70        0x0
 .igot.plt      0x000000000200cb70        0x0 c:/users/victo/documents/enti/4rt/programacio_consoles/ndside/msys64/opt/devkitpro/devkitarm/bin/../lib/gcc/arm-none-eabi/8.3.0/../../../../arm-none-eabi/lib/thumb/ds_arm9_crt0.o

.tm_clone_table
                0x000000000200cb70        0x0
 .tm_clone_table
                0x000000000200cb70        0x0 c:/users/victo/documents/enti/4rt/programacio_consoles/ndside/msys64/opt/devkitpro/devkitarm/bin/../lib/gcc/arm-none-eabi/8.3.0/thumb/crtbegin.o
 .tm_clone_table
                0x000000000200cb70        0x0 c:/users/victo/documents/enti/4rt/programacio_consoles/ndside/msys64/opt/devkitpro/devkitarm/bin/../lib/gcc/arm-none-eabi/8.3.0/thumb/crtend.o

.dtcm           0x000000000b000000        0x0 load address 0x000000000200cb70
                0x000000000200cb70                __dtcm_lma = LOADADDR (.dtcm)
                0x000000000b000000                __dtcm_start = ABSOLUTE (.)
 *(.dtcm)
 *(.dtcm.*)
                0x000000000b000000                . = ALIGN (0x4)
                0x000000000b000000                __dtcm_end = ABSOLUTE (.)

.itcm           0x0000000001000100      0x194 load address 0x000000000200cb70
                0x000000000200cb70                __itcm_lma = LOADADDR (.itcm)
                0x0000000001000100                __itcm_start = ABSOLUTE (.)
 *(.itcm)
 .itcm          0x0000000001000100       0xc8 C:/Users/victo/Documents/ENTI/4rt/Programacio_consoles/ndside/msys64/opt/devkitpro/libnds/lib\libnds9.a(interrupts.o)
                0x0000000001000100                irqTable
 .itcm          0x00000000010001c8       0xcc C:/Users/victo/Documents/ENTI/4rt/Programacio_consoles/ndside/msys64/opt/devkitpro/libnds/lib\libnds9.a(interruptDispatcher.o)
                0x00000000010001c8                IntrMain
 *.itcm*(.text .stub .text.*)
                0x0000000001000294                . = ALIGN (0x4)
                0x0000000001000294                __itcm_end = ABSOLUTE (.)

.vectors        0x0000000001000000        0x0 load address 0x000000000200cd04
                0x000000000200cd04                __vectors_lma = LOADADDR (.vectors)
                0x0000000001000000                __vectors_start = ABSOLUTE (.)
 *(.vectors .vectors.*)
                0x0000000001000000                . = ALIGN (0x4)
                0x0000000001000000                __vectors_end = ABSOLUTE (.)

.sbss           0x000000000b000000        0x0
                0x000000000b000000                __sbss_start = ABSOLUTE (.)
                0x000000000b000000                __sbss_start__ = ABSOLUTE (.)
 *(.sbss)
                0x000000000b000000                . = ALIGN (0x4)
                0x000000000b000000                __sbss_end = ABSOLUTE (.)

.bss            0x000000000200cb70     0x12fc
                0x000000000200cb70                __bss_start = ABSOLUTE (.)
                0x000000000200cb70                __bss_start__ = ABSOLUTE (.)
 *(EXCLUDE_FILE(*.twl*) .dynbss)
 *(EXCLUDE_FILE(*.twl*) .gnu.linkonce.b*)
 *(EXCLUDE_FILE(*.twl*) .bss*)
 .bss.completed.9044
                0x000000000200cb70        0x1 c:/users/victo/documents/enti/4rt/programacio_consoles/ndside/msys64/opt/devkitpro/devkitarm/bin/../lib/gcc/arm-none-eabi/8.3.0/thumb/crtbegin.o
 *fill*         0x000000000200cb71        0x3 
 .bss.object.9049
                0x000000000200cb74       0x18 c:/users/victo/documents/enti/4rt/programacio_consoles/ndside/msys64/opt/devkitpro/devkitarm/bin/../lib/gcc/arm-none-eabi/8.3.0/thumb/crtbegin.o
 .bss.keys      0x000000000200cb8c        0x2 C:/Users/victo/Documents/ENTI/4rt/Programacio_consoles/ndside/msys64/opt/devkitpro/libnds/lib\libnds9.a(keys.o)
 .bss.keysold   0x000000000200cb8e        0x2 C:/Users/victo/Documents/ENTI/4rt/Programacio_consoles/ndside/msys64/opt/devkitpro/libnds/lib\libnds9.a(keys.o)
 .bss.keysrepeat
                0x000000000200cb90        0x2 C:/Users/victo/Documents/ENTI/4rt/Programacio_consoles/ndside/msys64/opt/devkitpro/libnds/lib\libnds9.a(keys.o)
 *fill*         0x000000000200cb92        0x2 
 .bss.processing
                0x000000000200cb94        0x4 C:/Users/victo/Documents/ENTI/4rt/Programacio_consoles/ndside/msys64/opt/devkitpro/libnds/lib\libnds9.a(fifosystem.o)
                0x000000000200cb94                processing
 .bss.SDcallback
                0x000000000200cb98        0x4 C:/Users/victo/Documents/ENTI/4rt/Programacio_consoles/ndside/msys64/opt/devkitpro/libnds/lib\libnds9.a(system.o)
 .bss.__malloc_current_mallinfo
                0x000000000200cb9c       0x28 c:/users/victo/documents/enti/4rt/programacio_consoles/ndside/msys64/opt/devkitpro/devkitarm/bin/../lib/gcc/arm-none-eabi/8.3.0/../../../../arm-none-eabi/lib/thumb\libg.a(lib_a-mallocr.o)
                0x000000000200cb9c                __malloc_current_mallinfo
 .bss.__malloc_max_sbrked_mem
                0x000000000200cbc4        0x4 c:/users/victo/documents/enti/4rt/programacio_consoles/ndside/msys64/opt/devkitpro/devkitarm/bin/../lib/gcc/arm-none-eabi/8.3.0/../../../../arm-none-eabi/lib/thumb\libg.a(lib_a-mallocr.o)
                0x000000000200cbc4                __malloc_max_sbrked_mem
 .bss.__malloc_max_total_mem
                0x000000000200cbc8        0x4 c:/users/victo/documents/enti/4rt/programacio_consoles/ndside/msys64/opt/devkitpro/devkitarm/bin/../lib/gcc/arm-none-eabi/8.3.0/../../../../arm-none-eabi/lib/thumb\libg.a(lib_a-mallocr.o)
                0x000000000200cbc8                __malloc_max_total_mem
 .bss.__malloc_top_pad
                0x000000000200cbcc        0x4 c:/users/victo/documents/enti/4rt/programacio_consoles/ndside/msys64/opt/devkitpro/devkitarm/bin/../lib/gcc/arm-none-eabi/8.3.0/../../../../arm-none-eabi/lib/thumb\libg.a(lib_a-mallocr.o)
                0x000000000200cbcc                __malloc_top_pad
 .bss.heap_start.6107
                0x000000000200cbd0        0x4 c:/users/victo/documents/enti/4rt/programacio_consoles/ndside/msys64/opt/devkitpro/devkitarm/bin/../lib/gcc/arm-none-eabi/8.3.0/../../../../arm-none-eabi/lib/thumb\libsysbase.a(sbrk.o)
 .bss.fake_heap_end
                0x000000000200cbd4        0x4 c:/users/victo/documents/enti/4rt/programacio_consoles/ndside/msys64/opt/devkitpro/devkitarm/bin/../lib/gcc/arm-none-eabi/8.3.0/../../../../arm-none-eabi/lib/thumb\libsysbase.a(malloc_vars.o)
                0x000000000200cbd4                fake_heap_end
 .bss.fake_heap_start
                0x000000000200cbd8        0x4 c:/users/victo/documents/enti/4rt/programacio_consoles/ndside/msys64/opt/devkitpro/devkitarm/bin/../lib/gcc/arm-none-eabi/8.3.0/../../../../arm-none-eabi/lib/thumb\libsysbase.a(malloc_vars.o)
                0x000000000200cbd8                fake_heap_start
 .bss.__syscalls
                0x000000000200cbdc       0x48 c:/users/victo/documents/enti/4rt/programacio_consoles/ndside/msys64/opt/devkitpro/devkitarm/bin/../lib/gcc/arm-none-eabi/8.3.0/../../../../arm-none-eabi/lib/thumb\libsysbase.a(syscall_support.o)
                0x000000000200cbdc                __syscalls
 *(EXCLUDE_FILE(*.twl*) COMMON)
 COMMON         0x000000000200cc24      0x800 C:/Users/victo/Documents/ENTI/4rt/Programacio_consoles/ndside/msys64/opt/devkitpro/libnds/lib\libnds9.a(sprite.o)
                0x000000000200cc24                OamMemorySub
                0x000000000200d024                OamMemory
 COMMON         0x000000000200d424        0x1 C:/Users/victo/Documents/ENTI/4rt/Programacio_consoles/ndside/msys64/opt/devkitpro/libnds/lib\libnds9.a(initSystem.o)
                0x000000000200d424                __dsimode
 *fill*         0x000000000200d425        0x3 
 COMMON         0x000000000200d428        0x4 C:/Users/victo/Documents/ENTI/4rt/Programacio_consoles/ndside/msys64/opt/devkitpro/libnds/lib\libnds9.a(timeSupport.o)
                0x000000000200d428                punixTime
 COMMON         0x000000000200d42c      0xa40 C:/Users/victo/Documents/ENTI/4rt/Programacio_consoles/ndside/msys64/opt/devkitpro/libnds/lib\libnds9.a(fifosystem.o)
                0x000000000200d42c                fifo_datamsg_data
                0x000000000200d46c                fifo_buffer
                0x000000000200dc6c                fifo_value32_func
                0x000000000200dcac                fifo_address_func
                0x000000000200dcec                fifo_value32_data
                0x000000000200dd2c                fifo_value32_queue
                0x000000000200dd6c                fifo_data_queue
                0x000000000200ddac                fifo_address_data
                0x000000000200ddec                fifo_datamsg_func
                0x000000000200de2c                fifo_address_queue
                0x000000000200de6c                . = ALIGN (0x4)
                0x000000000200de6c                __bss_end__ = ABSOLUTE (.)
                0x000000000200de6c                __end__ = ABSOLUTE (.)

.twl            0x000000000200de6c        0x0 load address 0x0000000002400000
                0x0000000002400000                __arm9i_lma__ = LOADADDR (.twl)
                0x000000000200de6c                __arm9i_start__ = ABSOLUTE (.)
 *(.twl)
 *.twl*(.text .stub .text.* .gnu.linkonce.t.*)
 *.twl*(.rodata)
 *.twl*(.roda)
 *.twl*(.rodata.*)
 *.twl*(.data)
 *.twl*(.data.*)
 *.twl*(.gnu.linkonce.d*)
                0x000000000200de6c                __arm9i_end__ = ABSOLUTE (.)

.twl_bss        0x000000000200de6c        0x0
                0x000000000200de6c                __twl_bss_start__ = ABSOLUTE (.)
 *(.twl_bss)
 *.twl*(.dynbss)
 *.twl*(.gnu.linkonce.b*)
 *.twl*(.bss*)
 *.twl*(COMMON)
                0x000000000200de6c                . = ALIGN (0x4)
                0x000000000200de6c                __twl_bss_end__ = ABSOLUTE (.)
                0x000000000200de6c                __twl_end__ = ABSOLUTE (.)

.stab
 *(.stab)

.stabstr
 *(.stabstr)

.stab.excl
 *(.stab.excl)

.stab.exclstr
 *(.stab.exclstr)

.stab.index
 *(.stab.index)

.stab.indexstr
 *(.stab.indexstr)

.comment        0x0000000000000000       0x44
 *(.comment)
 .comment       0x0000000000000000       0x22 c:/users/victo/documents/enti/4rt/programacio_consoles/ndside/msys64/opt/devkitpro/devkitarm/bin/../lib/gcc/arm-none-eabi/8.3.0/thumb/crtbegin.o
                                         0x23 (size before relaxing)
 .comment       0x0000000000000022       0x23 template.o
 .comment       0x0000000000000022       0x22 C:/Users/victo/Documents/ENTI/4rt/Programacio_consoles/ndside/msys64/opt/devkitpro/libnds/lib\libnds9.a(sprite_alloc.o)
                                         0x23 (size before relaxing)
 .comment       0x0000000000000044       0x23 C:/Users/victo/Documents/ENTI/4rt/Programacio_consoles/ndside/msys64/opt/devkitpro/libnds/lib\libnds9.a(sprite.o)
 .comment       0x0000000000000044       0x23 C:/Users/victo/Documents/ENTI/4rt/Programacio_consoles/ndside/msys64/opt/devkitpro/libnds/lib\libnds9.a(keys.o)
 .comment       0x0000000000000044       0x23 C:/Users/victo/Documents/ENTI/4rt/Programacio_consoles/ndside/msys64/opt/devkitpro/libnds/lib\libnds9.a(initSystem.o)
 .comment       0x0000000000000044       0x23 C:/Users/victo/Documents/ENTI/4rt/Programacio_consoles/ndside/msys64/opt/devkitpro/libnds/lib\libnds9.a(timeSupport.o)
 .comment       0x0000000000000044       0x23 C:/Users/victo/Documents/ENTI/4rt/Programacio_consoles/ndside/msys64/opt/devkitpro/libnds/lib\libnds9.a(securearea.o)
 .comment       0x0000000000000044       0x23 C:/Users/victo/Documents/ENTI/4rt/Programacio_consoles/ndside/msys64/opt/devkitpro/libnds/lib\libnds9.a(interrupts.o)
 .comment       0x0000000000000044       0x23 C:/Users/victo/Documents/ENTI/4rt/Programacio_consoles/ndside/msys64/opt/devkitpro/libnds/lib\libnds9.a(libnds_exit.arm.o)
 .comment       0x0000000000000044       0x23 C:/Users/victo/Documents/ENTI/4rt/Programacio_consoles/ndside/msys64/opt/devkitpro/libnds/lib\libnds9.a(fifosystem.o)
 .comment       0x0000000000000044       0x23 C:/Users/victo/Documents/ENTI/4rt/Programacio_consoles/ndside/msys64/opt/devkitpro/libnds/lib\libnds9.a(video.o)
 .comment       0x0000000000000044       0x23 C:/Users/victo/Documents/ENTI/4rt/Programacio_consoles/ndside/msys64/opt/devkitpro/libnds/lib\libnds9.a(system.o)
 .comment       0x0000000000000044       0x23 c:/users/victo/documents/enti/4rt/programacio_consoles/ndside/msys64/opt/devkitpro/devkitarm/bin/../lib/gcc/arm-none-eabi/8.3.0/../../../../arm-none-eabi/lib/thumb\libg.a(lib_a-init.o)
 .comment       0x0000000000000044       0x23 c:/users/victo/documents/enti/4rt/programacio_consoles/ndside/msys64/opt/devkitpro/devkitarm/bin/../lib/gcc/arm-none-eabi/8.3.0/../../../../arm-none-eabi/lib/thumb\libg.a(lib_a-malloc.o)
 .comment       0x0000000000000044       0x23 c:/users/victo/documents/enti/4rt/programacio_consoles/ndside/msys64/opt/devkitpro/devkitarm/bin/../lib/gcc/arm-none-eabi/8.3.0/../../../../arm-none-eabi/lib/thumb\libg.a(lib_a-mallocr.o)
 .comment       0x0000000000000044       0x23 c:/users/victo/documents/enti/4rt/programacio_consoles/ndside/msys64/opt/devkitpro/devkitarm/bin/../lib/gcc/arm-none-eabi/8.3.0/../../../../arm-none-eabi/lib/thumb\libg.a(lib_a-memcpy-stub.o)
 .comment       0x0000000000000044       0x23 c:/users/victo/documents/enti/4rt/programacio_consoles/ndside/msys64/opt/devkitpro/devkitarm/bin/../lib/gcc/arm-none-eabi/8.3.0/../../../../arm-none-eabi/lib/thumb\libg.a(lib_a-memset.o)
 .comment       0x0000000000000044       0x23 c:/users/victo/documents/enti/4rt/programacio_consoles/ndside/msys64/opt/devkitpro/devkitarm/bin/../lib/gcc/arm-none-eabi/8.3.0/../../../../arm-none-eabi/lib/thumb\libg.a(lib_a-mlock.o)
 .comment       0x0000000000000044       0x23 c:/users/victo/documents/enti/4rt/programacio_consoles/ndside/msys64/opt/devkitpro/devkitarm/bin/../lib/gcc/arm-none-eabi/8.3.0/../../../../arm-none-eabi/lib/thumb\libg.a(lib_a-realloc.o)
 .comment       0x0000000000000044       0x23 c:/users/victo/documents/enti/4rt/programacio_consoles/ndside/msys64/opt/devkitpro/devkitarm/bin/../lib/gcc/arm-none-eabi/8.3.0/../../../../arm-none-eabi/lib/thumb\libg.a(lib_a-reallocr.o)
 .comment       0x0000000000000044       0x23 c:/users/victo/documents/enti/4rt/programacio_consoles/ndside/msys64/opt/devkitpro/devkitarm/bin/../lib/gcc/arm-none-eabi/8.3.0/../../../../arm-none-eabi/lib/thumb\libg.a(lib_a-freer.o)
 .comment       0x0000000000000044       0x23 c:/users/victo/documents/enti/4rt/programacio_consoles/ndside/msys64/opt/devkitpro/devkitarm/bin/../lib/gcc/arm-none-eabi/8.3.0/../../../../arm-none-eabi/lib/thumb\libg.a(lib_a-memmove.o)
 .comment       0x0000000000000044       0x23 c:/users/victo/documents/enti/4rt/programacio_consoles/ndside/msys64/opt/devkitpro/devkitarm/bin/../lib/gcc/arm-none-eabi/8.3.0/../../../../arm-none-eabi/lib/thumb\libsysbase.a(sbrk.o)
 .comment       0x0000000000000044       0x23 c:/users/victo/documents/enti/4rt/programacio_consoles/ndside/msys64/opt/devkitpro/devkitarm/bin/../lib/gcc/arm-none-eabi/8.3.0/../../../../arm-none-eabi/lib/thumb\libsysbase.a(malloc_vars.o)
 .comment       0x0000000000000044       0x23 c:/users/victo/documents/enti/4rt/programacio_consoles/ndside/msys64/opt/devkitpro/devkitarm/bin/../lib/gcc/arm-none-eabi/8.3.0/../../../../arm-none-eabi/lib/thumb\libsysbase.a(build_argv.o)
 .comment       0x0000000000000044       0x23 c:/users/victo/documents/enti/4rt/programacio_consoles/ndside/msys64/opt/devkitpro/devkitarm/bin/../lib/gcc/arm-none-eabi/8.3.0/../../../../arm-none-eabi/lib/thumb\libsysbase.a(syscall_support.o)
 .comment       0x0000000000000044       0x23 c:/users/victo/documents/enti/4rt/programacio_consoles/ndside/msys64/opt/devkitpro/devkitarm/bin/../lib/gcc/arm-none-eabi/8.3.0/../../../../arm-none-eabi/lib/thumb\libsysbase.a(getreent.o)
 .comment       0x0000000000000044       0x23 c:/users/victo/documents/enti/4rt/programacio_consoles/ndside/msys64/opt/devkitpro/devkitarm/bin/../lib/gcc/arm-none-eabi/8.3.0/../../../../arm-none-eabi/lib/thumb\libg.a(lib_a-impure.o)
 .comment       0x0000000000000044       0x23 c:/users/victo/documents/enti/4rt/programacio_consoles/ndside/msys64/opt/devkitpro/devkitarm/bin/../lib/gcc/arm-none-eabi/8.3.0/thumb/crtend.o

.ARM.attributes
                0x0000000000000000       0x2d
 .ARM.attributes
                0x0000000000000000       0x21 c:/users/victo/documents/enti/4rt/programacio_consoles/ndside/msys64/opt/devkitpro/devkitarm/bin/../lib/gcc/arm-none-eabi/8.3.0/../../../../arm-none-eabi/lib/thumb/ds_arm9_crt0.o
 .ARM.attributes
                0x0000000000000021       0x1c c:/users/victo/documents/enti/4rt/programacio_consoles/ndside/msys64/opt/devkitpro/devkitarm/bin/../lib/gcc/arm-none-eabi/8.3.0/thumb/crti.o
 .ARM.attributes
                0x000000000000003d       0x2a c:/users/victo/documents/enti/4rt/programacio_consoles/ndside/msys64/opt/devkitpro/devkitarm/bin/../lib/gcc/arm-none-eabi/8.3.0/thumb/crtbegin.o
 .ARM.attributes
                0x0000000000000067       0x1a flappy_yellow.o
 .ARM.attributes
                0x0000000000000081       0x1a man.o
 .ARM.attributes
                0x000000000000009b       0x27 template.o
 .ARM.attributes
                0x00000000000000c2       0x2b C:/Users/victo/Documents/ENTI/4rt/Programacio_consoles/ndside/msys64/opt/devkitpro/libnds/lib\libnds9.a(sprite_alloc.o)
 .ARM.attributes
                0x00000000000000ed       0x2b C:/Users/victo/Documents/ENTI/4rt/Programacio_consoles/ndside/msys64/opt/devkitpro/libnds/lib\libnds9.a(sprite.o)
 .ARM.attributes
                0x0000000000000118       0x2b C:/Users/victo/Documents/ENTI/4rt/Programacio_consoles/ndside/msys64/opt/devkitpro/libnds/lib\libnds9.a(keys.o)
 .ARM.attributes
                0x0000000000000143       0x2b C:/Users/victo/Documents/ENTI/4rt/Programacio_consoles/ndside/msys64/opt/devkitpro/libnds/lib\libnds9.a(initSystem.o)
 .ARM.attributes
                0x000000000000016e       0x2b C:/Users/victo/Documents/ENTI/4rt/Programacio_consoles/ndside/msys64/opt/devkitpro/libnds/lib\libnds9.a(timeSupport.o)
 .ARM.attributes
                0x0000000000000199       0x2b C:/Users/victo/Documents/ENTI/4rt/Programacio_consoles/ndside/msys64/opt/devkitpro/libnds/lib\libnds9.a(securearea.o)
 .ARM.attributes
                0x00000000000001c4       0x2b C:/Users/victo/Documents/ENTI/4rt/Programacio_consoles/ndside/msys64/opt/devkitpro/libnds/lib\libnds9.a(interrupts.o)
 .ARM.attributes
                0x00000000000001ef       0x2b C:/Users/victo/Documents/ENTI/4rt/Programacio_consoles/ndside/msys64/opt/devkitpro/libnds/lib\libnds9.a(libnds_exit.arm.o)
 .ARM.attributes
                0x000000000000021a       0x2b C:/Users/victo/Documents/ENTI/4rt/Programacio_consoles/ndside/msys64/opt/devkitpro/libnds/lib\libnds9.a(fifosystem.o)
 .ARM.attributes
                0x0000000000000245       0x1b C:/Users/victo/Documents/ENTI/4rt/Programacio_consoles/ndside/msys64/opt/devkitpro/libnds/lib\libnds9.a(dcache.o)
 .ARM.attributes
                0x0000000000000260       0x21 C:/Users/victo/Documents/ENTI/4rt/Programacio_consoles/ndside/msys64/opt/devkitpro/libnds/lib\libnds9.a(mpu_setup.o)
 .ARM.attributes
                0x0000000000000281       0x21 C:/Users/victo/Documents/ENTI/4rt/Programacio_consoles/ndside/msys64/opt/devkitpro/libnds/lib\libnds9.a(IntrWait.o)
 .ARM.attributes
                0x00000000000002a2       0x21 C:/Users/victo/Documents/ENTI/4rt/Programacio_consoles/ndside/msys64/opt/devkitpro/libnds/lib\libnds9.a(cpu_clock.o)
 .ARM.attributes
                0x00000000000002c3       0x1b C:/Users/victo/Documents/ENTI/4rt/Programacio_consoles/ndside/msys64/opt/devkitpro/libnds/lib\libnds9.a(interruptDispatcher.o)
 .ARM.attributes
                0x00000000000002de       0x21 C:/Users/victo/Documents/ENTI/4rt/Programacio_consoles/ndside/msys64/opt/devkitpro/libnds/lib\libnds9.a(swiSoftReset.o)
 .ARM.attributes
                0x00000000000002ff       0x2b C:/Users/victo/Documents/ENTI/4rt/Programacio_consoles/ndside/msys64/opt/devkitpro/libnds/lib\libnds9.a(video.o)
 .ARM.attributes
                0x000000000000032a       0x2b C:/Users/victo/Documents/ENTI/4rt/Programacio_consoles/ndside/msys64/opt/devkitpro/libnds/lib\libnds9.a(system.o)
 .ARM.attributes
                0x0000000000000355       0x1b C:/Users/victo/Documents/ENTI/4rt/Programacio_consoles/ndside/msys64/opt/devkitpro/libnds/lib\libnds9.a(biosCalls.o)
 .ARM.attributes
                0x0000000000000370       0x1c c:/users/victo/documents/enti/4rt/programacio_consoles/ndside/msys64/opt/devkitpro/devkitarm/bin/../lib/gcc/arm-none-eabi/8.3.0/thumb\libgcc.a(_divsi3.o)
 .ARM.attributes
                0x000000000000038c       0x1c c:/users/victo/documents/enti/4rt/programacio_consoles/ndside/msys64/opt/devkitpro/devkitarm/bin/../lib/gcc/arm-none-eabi/8.3.0/thumb\libgcc.a(_dvmd_tls.o)
 .ARM.attributes
                0x00000000000003a8       0x2a c:/users/victo/documents/enti/4rt/programacio_consoles/ndside/msys64/opt/devkitpro/devkitarm/bin/../lib/gcc/arm-none-eabi/8.3.0/../../../../arm-none-eabi/lib/thumb\libg.a(lib_a-init.o)
 .ARM.attributes
                0x00000000000003d2       0x2a c:/users/victo/documents/enti/4rt/programacio_consoles/ndside/msys64/opt/devkitpro/devkitarm/bin/../lib/gcc/arm-none-eabi/8.3.0/../../../../arm-none-eabi/lib/thumb\libg.a(lib_a-malloc.o)
 .ARM.attributes
                0x00000000000003fc       0x2a c:/users/victo/documents/enti/4rt/programacio_consoles/ndside/msys64/opt/devkitpro/devkitarm/bin/../lib/gcc/arm-none-eabi/8.3.0/../../../../arm-none-eabi/lib/thumb\libg.a(lib_a-mallocr.o)
 .ARM.attributes
                0x0000000000000426       0x2a c:/users/victo/documents/enti/4rt/programacio_consoles/ndside/msys64/opt/devkitpro/devkitarm/bin/../lib/gcc/arm-none-eabi/8.3.0/../../../../arm-none-eabi/lib/thumb\libg.a(lib_a-memcpy-stub.o)
 .ARM.attributes
                0x0000000000000450       0x2a c:/users/victo/documents/enti/4rt/programacio_consoles/ndside/msys64/opt/devkitpro/devkitarm/bin/../lib/gcc/arm-none-eabi/8.3.0/../../../../arm-none-eabi/lib/thumb\libg.a(lib_a-memset.o)
 .ARM.attributes
                0x000000000000047a       0x2a c:/users/victo/documents/enti/4rt/programacio_consoles/ndside/msys64/opt/devkitpro/devkitarm/bin/../lib/gcc/arm-none-eabi/8.3.0/../../../../arm-none-eabi/lib/thumb\libg.a(lib_a-mlock.o)
 .ARM.attributes
                0x00000000000004a4       0x2a c:/users/victo/documents/enti/4rt/programacio_consoles/ndside/msys64/opt/devkitpro/devkitarm/bin/../lib/gcc/arm-none-eabi/8.3.0/../../../../arm-none-eabi/lib/thumb\libg.a(lib_a-realloc.o)
 .ARM.attributes
                0x00000000000004ce       0x2a c:/users/victo/documents/enti/4rt/programacio_consoles/ndside/msys64/opt/devkitpro/devkitarm/bin/../lib/gcc/arm-none-eabi/8.3.0/../../../../arm-none-eabi/lib/thumb\libg.a(lib_a-reallocr.o)
 .ARM.attributes
                0x00000000000004f8       0x2a c:/users/victo/documents/enti/4rt/programacio_consoles/ndside/msys64/opt/devkitpro/devkitarm/bin/../lib/gcc/arm-none-eabi/8.3.0/../../../../arm-none-eabi/lib/thumb\libg.a(lib_a-freer.o)
 .ARM.attributes
                0x0000000000000522       0x2a c:/users/victo/documents/enti/4rt/programacio_consoles/ndside/msys64/opt/devkitpro/devkitarm/bin/../lib/gcc/arm-none-eabi/8.3.0/../../../../arm-none-eabi/lib/thumb\libg.a(lib_a-memmove.o)
 .ARM.attributes
                0x000000000000054c       0x2a c:/users/victo/documents/enti/4rt/programacio_consoles/ndside/msys64/opt/devkitpro/devkitarm/bin/../lib/gcc/arm-none-eabi/8.3.0/../../../../arm-none-eabi/lib/thumb\libsysbase.a(sbrk.o)
 .ARM.attributes
                0x0000000000000576       0x30 c:/users/victo/documents/enti/4rt/programacio_consoles/ndside/msys64/opt/devkitpro/devkitarm/bin/../lib/gcc/arm-none-eabi/8.3.0/../../../../arm-none-eabi/lib/thumb\libsysbase.a(malloc_vars.o)
 .ARM.attributes
                0x00000000000005a6       0x2a c:/users/victo/documents/enti/4rt/programacio_consoles/ndside/msys64/opt/devkitpro/devkitarm/bin/../lib/gcc/arm-none-eabi/8.3.0/../../../../arm-none-eabi/lib/thumb\libsysbase.a(build_argv.o)
 .ARM.attributes
                0x00000000000005d0       0x2a c:/users/victo/documents/enti/4rt/programacio_consoles/ndside/msys64/opt/devkitpro/devkitarm/bin/../lib/gcc/arm-none-eabi/8.3.0/../../../../arm-none-eabi/lib/thumb\libsysbase.a(syscall_support.o)
 .ARM.attributes
                0x00000000000005fa       0x2a c:/users/victo/documents/enti/4rt/programacio_consoles/ndside/msys64/opt/devkitpro/devkitarm/bin/../lib/gcc/arm-none-eabi/8.3.0/../../../../arm-none-eabi/lib/thumb\libsysbase.a(getreent.o)
 .ARM.attributes
                0x0000000000000624       0x30 c:/users/victo/documents/enti/4rt/programacio_consoles/ndside/msys64/opt/devkitpro/devkitarm/bin/../lib/gcc/arm-none-eabi/8.3.0/../../../../arm-none-eabi/lib/thumb\libg.a(lib_a-impure.o)
 .ARM.attributes
                0x0000000000000654       0x30 c:/users/victo/documents/enti/4rt/programacio_consoles/ndside/msys64/opt/devkitpro/devkitarm/bin/../lib/gcc/arm-none-eabi/8.3.0/thumb/crtend.o
 .ARM.attributes
                0x0000000000000684       0x1c c:/users/victo/documents/enti/4rt/programacio_consoles/ndside/msys64/opt/devkitpro/devkitarm/bin/../lib/gcc/arm-none-eabi/8.3.0/thumb/crtn.o

.debug
 *(.debug)

.line
 *(.line)

.debug_srcinfo
 *(.debug_srcinfo)

.debug_sfnames
 *(.debug_sfnames)

.debug_aranges  0x0000000000000000      0x508
 *(.debug_aranges)
 .debug_aranges
                0x0000000000000000       0x28 template.o
 .debug_aranges
                0x0000000000000028       0x40 C:/Users/victo/Documents/ENTI/4rt/Programacio_consoles/ndside/msys64/opt/devkitpro/libnds/lib\libnds9.a(sprite_alloc.o)
 .debug_aranges
                0x0000000000000068       0x60 C:/Users/victo/Documents/ENTI/4rt/Programacio_consoles/ndside/msys64/opt/devkitpro/libnds/lib\libnds9.a(sprite.o)
 .debug_aranges
                0x00000000000000c8       0x50 C:/Users/victo/Documents/ENTI/4rt/Programacio_consoles/ndside/msys64/opt/devkitpro/libnds/lib\libnds9.a(keys.o)
 .debug_aranges
                0x0000000000000118       0x20 C:/Users/victo/Documents/ENTI/4rt/Programacio_consoles/ndside/msys64/opt/devkitpro/libnds/lib\libnds9.a(initSystem.o)
 .debug_aranges
                0x0000000000000138       0x20 C:/Users/victo/Documents/ENTI/4rt/Programacio_consoles/ndside/msys64/opt/devkitpro/libnds/lib\libnds9.a(timeSupport.o)
 .debug_aranges
                0x0000000000000158       0x18 C:/Users/victo/Documents/ENTI/4rt/Programacio_consoles/ndside/msys64/opt/devkitpro/libnds/lib\libnds9.a(securearea.o)
 .debug_aranges
                0x0000000000000170       0x50 C:/Users/victo/Documents/ENTI/4rt/Programacio_consoles/ndside/msys64/opt/devkitpro/libnds/lib\libnds9.a(interrupts.o)
 .debug_aranges
                0x00000000000001c0       0x28 C:/Users/victo/Documents/ENTI/4rt/Programacio_consoles/ndside/msys64/opt/devkitpro/libnds/lib\libnds9.a(libnds_exit.arm.o)
 .debug_aranges
                0x00000000000001e8       0xb8 C:/Users/victo/Documents/ENTI/4rt/Programacio_consoles/ndside/msys64/opt/devkitpro/libnds/lib\libnds9.a(fifosystem.o)
 .debug_aranges
                0x00000000000002a0       0x38 C:/Users/victo/Documents/ENTI/4rt/Programacio_consoles/ndside/msys64/opt/devkitpro/libnds/lib\libnds9.a(dcache.o)
 .debug_aranges
                0x00000000000002d8       0x30 C:/Users/victo/Documents/ENTI/4rt/Programacio_consoles/ndside/msys64/opt/devkitpro/libnds/lib\libnds9.a(mpu_setup.o)
 .debug_aranges
                0x0000000000000308       0x28 C:/Users/victo/Documents/ENTI/4rt/Programacio_consoles/ndside/msys64/opt/devkitpro/libnds/lib\libnds9.a(IntrWait.o)
 .debug_aranges
                0x0000000000000330       0x20 C:/Users/victo/Documents/ENTI/4rt/Programacio_consoles/ndside/msys64/opt/devkitpro/libnds/lib\libnds9.a(cpu_clock.o)
 .debug_aranges
                0x0000000000000350       0x20 C:/Users/victo/Documents/ENTI/4rt/Programacio_consoles/ndside/msys64/opt/devkitpro/libnds/lib\libnds9.a(interruptDispatcher.o)
 .debug_aranges
                0x0000000000000370       0x20 C:/Users/victo/Documents/ENTI/4rt/Programacio_consoles/ndside/msys64/opt/devkitpro/libnds/lib\libnds9.a(swiSoftReset.o)
 .debug_aranges
                0x0000000000000390       0x48 C:/Users/victo/Documents/ENTI/4rt/Programacio_consoles/ndside/msys64/opt/devkitpro/libnds/lib\libnds9.a(video.o)
 .debug_aranges
                0x00000000000003d8       0x68 C:/Users/victo/Documents/ENTI/4rt/Programacio_consoles/ndside/msys64/opt/devkitpro/libnds/lib\libnds9.a(system.o)
 .debug_aranges
                0x0000000000000440       0xc8 C:/Users/victo/Documents/ENTI/4rt/Programacio_consoles/ndside/msys64/opt/devkitpro/libnds/lib\libnds9.a(biosCalls.o)

.debug_pubnames
 *(.debug_pubnames)

.debug_info     0x0000000000000000     0xe423
 *(.debug_info)
 .debug_info    0x0000000000000000     0x257f template.o
 .debug_info    0x000000000000257f     0x1b96 C:/Users/victo/Documents/ENTI/4rt/Programacio_consoles/ndside/msys64/opt/devkitpro/libnds/lib\libnds9.a(sprite_alloc.o)
 .debug_info    0x0000000000004115     0x1786 C:/Users/victo/Documents/ENTI/4rt/Programacio_consoles/ndside/msys64/opt/devkitpro/libnds/lib\libnds9.a(sprite.o)
 .debug_info    0x000000000000589b      0xe17 C:/Users/victo/Documents/ENTI/4rt/Programacio_consoles/ndside/msys64/opt/devkitpro/libnds/lib\libnds9.a(keys.o)
 .debug_info    0x00000000000066b2     0x1f13 C:/Users/victo/Documents/ENTI/4rt/Programacio_consoles/ndside/msys64/opt/devkitpro/libnds/lib\libnds9.a(initSystem.o)
 .debug_info    0x00000000000085c5      0xab7 C:/Users/victo/Documents/ENTI/4rt/Programacio_consoles/ndside/msys64/opt/devkitpro/libnds/lib\libnds9.a(timeSupport.o)
 .debug_info    0x000000000000907c       0x59 C:/Users/victo/Documents/ENTI/4rt/Programacio_consoles/ndside/msys64/opt/devkitpro/libnds/lib\libnds9.a(securearea.o)
 .debug_info    0x00000000000090d5      0x735 C:/Users/victo/Documents/ENTI/4rt/Programacio_consoles/ndside/msys64/opt/devkitpro/libnds/lib\libnds9.a(interrupts.o)
 .debug_info    0x000000000000980a      0xd29 C:/Users/victo/Documents/ENTI/4rt/Programacio_consoles/ndside/msys64/opt/devkitpro/libnds/lib\libnds9.a(libnds_exit.arm.o)
 .debug_info    0x000000000000a533     0x2197 C:/Users/victo/Documents/ENTI/4rt/Programacio_consoles/ndside/msys64/opt/devkitpro/libnds/lib\libnds9.a(fifosystem.o)
 .debug_info    0x000000000000c6ca       0x22 C:/Users/victo/Documents/ENTI/4rt/Programacio_consoles/ndside/msys64/opt/devkitpro/libnds/lib\libnds9.a(dcache.o)
 .debug_info    0x000000000000c6ec       0x22 C:/Users/victo/Documents/ENTI/4rt/Programacio_consoles/ndside/msys64/opt/devkitpro/libnds/lib\libnds9.a(mpu_setup.o)
 .debug_info    0x000000000000c70e       0x22 C:/Users/victo/Documents/ENTI/4rt/Programacio_consoles/ndside/msys64/opt/devkitpro/libnds/lib\libnds9.a(IntrWait.o)
 .debug_info    0x000000000000c730       0x26 C:/Users/victo/Documents/ENTI/4rt/Programacio_consoles/ndside/msys64/opt/devkitpro/libnds/lib\libnds9.a(cpu_clock.o)
 .debug_info    0x000000000000c756       0x26 C:/Users/victo/Documents/ENTI/4rt/Programacio_consoles/ndside/msys64/opt/devkitpro/libnds/lib\libnds9.a(interruptDispatcher.o)
 .debug_info    0x000000000000c77c       0x26 C:/Users/victo/Documents/ENTI/4rt/Programacio_consoles/ndside/msys64/opt/devkitpro/libnds/lib\libnds9.a(swiSoftReset.o)
 .debug_info    0x000000000000c7a2      0x7dd C:/Users/victo/Documents/ENTI/4rt/Programacio_consoles/ndside/msys64/opt/devkitpro/libnds/lib\libnds9.a(video.o)
 .debug_info    0x000000000000cf7f     0x1482 C:/Users/victo/Documents/ENTI/4rt/Programacio_consoles/ndside/msys64/opt/devkitpro/libnds/lib\libnds9.a(system.o)
 .debug_info    0x000000000000e401       0x22 C:/Users/victo/Documents/ENTI/4rt/Programacio_consoles/ndside/msys64/opt/devkitpro/libnds/lib\libnds9.a(biosCalls.o)

.debug_abbrev   0x0000000000000000     0x2832
 *(.debug_abbrev)
 .debug_abbrev  0x0000000000000000      0x526 template.o
 .debug_abbrev  0x0000000000000526      0x414 C:/Users/victo/Documents/ENTI/4rt/Programacio_consoles/ndside/msys64/opt/devkitpro/libnds/lib\libnds9.a(sprite_alloc.o)
 .debug_abbrev  0x000000000000093a      0x428 C:/Users/victo/Documents/ENTI/4rt/Programacio_consoles/ndside/msys64/opt/devkitpro/libnds/lib\libnds9.a(sprite.o)
 .debug_abbrev  0x0000000000000d62      0x2c8 C:/Users/victo/Documents/ENTI/4rt/Programacio_consoles/ndside/msys64/opt/devkitpro/libnds/lib\libnds9.a(keys.o)
 .debug_abbrev  0x000000000000102a      0x3af C:/Users/victo/Documents/ENTI/4rt/Programacio_consoles/ndside/msys64/opt/devkitpro/libnds/lib\libnds9.a(initSystem.o)
 .debug_abbrev  0x00000000000013d9      0x20b C:/Users/victo/Documents/ENTI/4rt/Programacio_consoles/ndside/msys64/opt/devkitpro/libnds/lib\libnds9.a(timeSupport.o)
 .debug_abbrev  0x00000000000015e4       0x47 C:/Users/victo/Documents/ENTI/4rt/Programacio_consoles/ndside/msys64/opt/devkitpro/libnds/lib\libnds9.a(securearea.o)
 .debug_abbrev  0x000000000000162b      0x2f7 C:/Users/victo/Documents/ENTI/4rt/Programacio_consoles/ndside/msys64/opt/devkitpro/libnds/lib\libnds9.a(interrupts.o)
 .debug_abbrev  0x0000000000001922      0x2d0 C:/Users/victo/Documents/ENTI/4rt/Programacio_consoles/ndside/msys64/opt/devkitpro/libnds/lib\libnds9.a(libnds_exit.arm.o)
 .debug_abbrev  0x0000000000001bf2      0x59b C:/Users/victo/Documents/ENTI/4rt/Programacio_consoles/ndside/msys64/opt/devkitpro/libnds/lib\libnds9.a(fifosystem.o)
 .debug_abbrev  0x000000000000218d       0x12 C:/Users/victo/Documents/ENTI/4rt/Programacio_consoles/ndside/msys64/opt/devkitpro/libnds/lib\libnds9.a(dcache.o)
 .debug_abbrev  0x000000000000219f       0x12 C:/Users/victo/Documents/ENTI/4rt/Programacio_consoles/ndside/msys64/opt/devkitpro/libnds/lib\libnds9.a(mpu_setup.o)
 .debug_abbrev  0x00000000000021b1       0x12 C:/Users/victo/Documents/ENTI/4rt/Programacio_consoles/ndside/msys64/opt/devkitpro/libnds/lib\libnds9.a(IntrWait.o)
 .debug_abbrev  0x00000000000021c3       0x14 C:/Users/victo/Documents/ENTI/4rt/Programacio_consoles/ndside/msys64/opt/devkitpro/libnds/lib\libnds9.a(cpu_clock.o)
 .debug_abbrev  0x00000000000021d7       0x14 C:/Users/victo/Documents/ENTI/4rt/Programacio_consoles/ndside/msys64/opt/devkitpro/libnds/lib\libnds9.a(interruptDispatcher.o)
 .debug_abbrev  0x00000000000021eb       0x14 C:/Users/victo/Documents/ENTI/4rt/Programacio_consoles/ndside/msys64/opt/devkitpro/libnds/lib\libnds9.a(swiSoftReset.o)
 .debug_abbrev  0x00000000000021ff      0x254 C:/Users/victo/Documents/ENTI/4rt/Programacio_consoles/ndside/msys64/opt/devkitpro/libnds/lib\libnds9.a(video.o)
 .debug_abbrev  0x0000000000002453      0x3cd C:/Users/victo/Documents/ENTI/4rt/Programacio_consoles/ndside/msys64/opt/devkitpro/libnds/lib\libnds9.a(system.o)
 .debug_abbrev  0x0000000000002820       0x12 C:/Users/victo/Documents/ENTI/4rt/Programacio_consoles/ndside/msys64/opt/devkitpro/libnds/lib\libnds9.a(biosCalls.o)

.debug_line     0x0000000000000000     0x5592
 *(.debug_line)
 .debug_line    0x0000000000000000      0xc5c template.o
 .debug_line    0x0000000000000c5c      0x821 C:/Users/victo/Documents/ENTI/4rt/Programacio_consoles/ndside/msys64/opt/devkitpro/libnds/lib\libnds9.a(sprite_alloc.o)
 .debug_line    0x000000000000147d      0x7e8 C:/Users/victo/Documents/ENTI/4rt/Programacio_consoles/ndside/msys64/opt/devkitpro/libnds/lib\libnds9.a(sprite.o)
 .debug_line    0x0000000000001c65      0x43c C:/Users/victo/Documents/ENTI/4rt/Programacio_consoles/ndside/msys64/opt/devkitpro/libnds/lib\libnds9.a(keys.o)
 .debug_line    0x00000000000020a1      0x57f C:/Users/victo/Documents/ENTI/4rt/Programacio_consoles/ndside/msys64/opt/devkitpro/libnds/lib\libnds9.a(initSystem.o)
 .debug_line    0x0000000000002620      0x21b C:/Users/victo/Documents/ENTI/4rt/Programacio_consoles/ndside/msys64/opt/devkitpro/libnds/lib\libnds9.a(timeSupport.o)
 .debug_line    0x000000000000283b       0x82 C:/Users/victo/Documents/ENTI/4rt/Programacio_consoles/ndside/msys64/opt/devkitpro/libnds/lib\libnds9.a(securearea.o)
 .debug_line    0x00000000000028bd      0x53b C:/Users/victo/Documents/ENTI/4rt/Programacio_consoles/ndside/msys64/opt/devkitpro/libnds/lib\libnds9.a(interrupts.o)
 .debug_line    0x0000000000002df8      0x2d0 C:/Users/victo/Documents/ENTI/4rt/Programacio_consoles/ndside/msys64/opt/devkitpro/libnds/lib\libnds9.a(libnds_exit.arm.o)
 .debug_line    0x00000000000030c8     0x140d C:/Users/victo/Documents/ENTI/4rt/Programacio_consoles/ndside/msys64/opt/devkitpro/libnds/lib\libnds9.a(fifosystem.o)
 .debug_line    0x00000000000044d5       0xd3 C:/Users/victo/Documents/ENTI/4rt/Programacio_consoles/ndside/msys64/opt/devkitpro/libnds/lib\libnds9.a(dcache.o)
 .debug_line    0x00000000000045a8      0x12f C:/Users/victo/Documents/ENTI/4rt/Programacio_consoles/ndside/msys64/opt/devkitpro/libnds/lib\libnds9.a(mpu_setup.o)
 .debug_line    0x00000000000046d7       0xba C:/Users/victo/Documents/ENTI/4rt/Programacio_consoles/ndside/msys64/opt/devkitpro/libnds/lib\libnds9.a(IntrWait.o)
 .debug_line    0x0000000000004791       0xa3 C:/Users/victo/Documents/ENTI/4rt/Programacio_consoles/ndside/msys64/opt/devkitpro/libnds/lib\libnds9.a(cpu_clock.o)
 .debug_line    0x0000000000004834       0xcc C:/Users/victo/Documents/ENTI/4rt/Programacio_consoles/ndside/msys64/opt/devkitpro/libnds/lib\libnds9.a(interruptDispatcher.o)
 .debug_line    0x0000000000004900       0x9c C:/Users/victo/Documents/ENTI/4rt/Programacio_consoles/ndside/msys64/opt/devkitpro/libnds/lib\libnds9.a(swiSoftReset.o)
 .debug_line    0x000000000000499c      0x4aa C:/Users/victo/Documents/ENTI/4rt/Programacio_consoles/ndside/msys64/opt/devkitpro/libnds/lib\libnds9.a(video.o)
 .debug_line    0x0000000000004e46      0x55a C:/Users/victo/Documents/ENTI/4rt/Programacio_consoles/ndside/msys64/opt/devkitpro/libnds/lib\libnds9.a(system.o)
 .debug_line    0x00000000000053a0      0x1f2 C:/Users/victo/Documents/ENTI/4rt/Programacio_consoles/ndside/msys64/opt/devkitpro/libnds/lib\libnds9.a(biosCalls.o)

.debug_frame    0x0000000000000000      0x8d8
 *(.debug_frame)
 .debug_frame   0x0000000000000000      0x11c template.o
 .debug_frame   0x000000000000011c       0xb4 C:/Users/victo/Documents/ENTI/4rt/Programacio_consoles/ndside/msys64/opt/devkitpro/libnds/lib\libnds9.a(sprite_alloc.o)
 .debug_frame   0x00000000000001d0       0xf4 C:/Users/victo/Documents/ENTI/4rt/Programacio_consoles/ndside/msys64/opt/devkitpro/libnds/lib\libnds9.a(sprite.o)
 .debug_frame   0x00000000000002c4       0x8c C:/Users/victo/Documents/ENTI/4rt/Programacio_consoles/ndside/msys64/opt/devkitpro/libnds/lib\libnds9.a(keys.o)
 .debug_frame   0x0000000000000350       0x28 C:/Users/victo/Documents/ENTI/4rt/Programacio_consoles/ndside/msys64/opt/devkitpro/libnds/lib\libnds9.a(initSystem.o)
 .debug_frame   0x0000000000000378       0x28 C:/Users/victo/Documents/ENTI/4rt/Programacio_consoles/ndside/msys64/opt/devkitpro/libnds/lib\libnds9.a(timeSupport.o)
 .debug_frame   0x00000000000003a0       0xa4 C:/Users/victo/Documents/ENTI/4rt/Programacio_consoles/ndside/msys64/opt/devkitpro/libnds/lib\libnds9.a(interrupts.o)
 .debug_frame   0x0000000000000444       0x3c C:/Users/victo/Documents/ENTI/4rt/Programacio_consoles/ndside/msys64/opt/devkitpro/libnds/lib\libnds9.a(libnds_exit.arm.o)
 .debug_frame   0x0000000000000480      0x2a8 C:/Users/victo/Documents/ENTI/4rt/Programacio_consoles/ndside/msys64/opt/devkitpro/libnds/lib\libnds9.a(fifosystem.o)
 .debug_frame   0x0000000000000728       0xb8 C:/Users/victo/Documents/ENTI/4rt/Programacio_consoles/ndside/msys64/opt/devkitpro/libnds/lib\libnds9.a(video.o)
 .debug_frame   0x00000000000007e0       0xf8 C:/Users/victo/Documents/ENTI/4rt/Programacio_consoles/ndside/msys64/opt/devkitpro/libnds/lib\libnds9.a(system.o)

.debug_str      0x0000000000000000     0x37a4
 *(.debug_str)
 .debug_str     0x0000000000000000     0x1511 template.o
                                       0x1634 (size before relaxing)
 .debug_str     0x0000000000001511      0x235 C:/Users/victo/Documents/ENTI/4rt/Programacio_consoles/ndside/msys64/opt/devkitpro/libnds/lib\libnds9.a(sprite_alloc.o)
                                        0xd1e (size before relaxing)
 .debug_str     0x0000000000001746      0x14f C:/Users/victo/Documents/ENTI/4rt/Programacio_consoles/ndside/msys64/opt/devkitpro/libnds/lib\libnds9.a(sprite.o)
                                        0xd20 (size before relaxing)
 .debug_str     0x0000000000001895      0x18d C:/Users/victo/Documents/ENTI/4rt/Programacio_consoles/ndside/msys64/opt/devkitpro/libnds/lib\libnds9.a(keys.o)
                                        0x8aa (size before relaxing)
 .debug_str     0x0000000000001a22      0x6ba C:/Users/victo/Documents/ENTI/4rt/Programacio_consoles/ndside/msys64/opt/devkitpro/libnds/lib\libnds9.a(initSystem.o)
                                       0x12a3 (size before relaxing)
 .debug_str     0x00000000000020dc       0x71 C:/Users/victo/Documents/ENTI/4rt/Programacio_consoles/ndside/msys64/opt/devkitpro/libnds/lib\libnds9.a(timeSupport.o)
                                        0x6a9 (size before relaxing)
 .debug_str     0x000000000000214d       0x72 C:/Users/victo/Documents/ENTI/4rt/Programacio_consoles/ndside/msys64/opt/devkitpro/libnds/lib\libnds9.a(securearea.o)
                                        0x153 (size before relaxing)
 .debug_str     0x00000000000021bf      0x179 C:/Users/victo/Documents/ENTI/4rt/Programacio_consoles/ndside/msys64/opt/devkitpro/libnds/lib\libnds9.a(interrupts.o)
                                        0x4dd (size before relaxing)
 .debug_str     0x0000000000002338      0x1cd C:/Users/victo/Documents/ENTI/4rt/Programacio_consoles/ndside/msys64/opt/devkitpro/libnds/lib\libnds9.a(libnds_exit.arm.o)
                                        0x873 (size before relaxing)
 .debug_str     0x0000000000002505      0x4a2 C:/Users/victo/Documents/ENTI/4rt/Programacio_consoles/ndside/msys64/opt/devkitpro/libnds/lib\libnds9.a(fifosystem.o)
                                        0xd27 (size before relaxing)
 .debug_str     0x00000000000029a7       0x63 C:/Users/victo/Documents/ENTI/4rt/Programacio_consoles/ndside/msys64/opt/devkitpro/libnds/lib\libnds9.a(dcache.o)
                                         0xaa (size before relaxing)
 .debug_str     0x0000000000002a0a       0x61 C:/Users/victo/Documents/ENTI/4rt/Programacio_consoles/ndside/msys64/opt/devkitpro/libnds/lib\libnds9.a(mpu_setup.o)
                                         0xb4 (size before relaxing)
 .debug_str     0x0000000000002a6b       0x60 C:/Users/victo/Documents/ENTI/4rt/Programacio_consoles/ndside/msys64/opt/devkitpro/libnds/lib\libnds9.a(IntrWait.o)
                                         0xb3 (size before relaxing)
 .debug_str     0x0000000000002acb       0x61 C:/Users/victo/Documents/ENTI/4rt/Programacio_consoles/ndside/msys64/opt/devkitpro/libnds/lib\libnds9.a(cpu_clock.o)
                                         0xb4 (size before relaxing)
 .debug_str     0x0000000000002b2c       0x66 C:/Users/victo/Documents/ENTI/4rt/Programacio_consoles/ndside/msys64/opt/devkitpro/libnds/lib\libnds9.a(interruptDispatcher.o)
                                         0xb9 (size before relaxing)
 .debug_str     0x0000000000002b92       0x5f C:/Users/victo/Documents/ENTI/4rt/Programacio_consoles/ndside/msys64/opt/devkitpro/libnds/lib\libnds9.a(swiSoftReset.o)
                                         0xb2 (size before relaxing)
 .debug_str     0x0000000000002bf1      0x7da C:/Users/victo/Documents/ENTI/4rt/Programacio_consoles/ndside/msys64/opt/devkitpro/libnds/lib\libnds9.a(video.o)
                                        0xc55 (size before relaxing)
 .debug_str     0x00000000000033cb      0x37d C:/Users/victo/Documents/ENTI/4rt/Programacio_consoles/ndside/msys64/opt/devkitpro/libnds/lib\libnds9.a(system.o)
                                        0xc41 (size before relaxing)
 .debug_str     0x0000000000003748       0x5c C:/Users/victo/Documents/ENTI/4rt/Programacio_consoles/ndside/msys64/opt/devkitpro/libnds/lib\libnds9.a(biosCalls.o)
                                         0xaf (size before relaxing)

.debug_loc      0x0000000000000000     0x3b02
 *(.debug_loc)
 .debug_loc     0x0000000000000000      0x9d4 template.o
 .debug_loc     0x00000000000009d4      0x7fe C:/Users/victo/Documents/ENTI/4rt/Programacio_consoles/ndside/msys64/opt/devkitpro/libnds/lib\libnds9.a(sprite_alloc.o)
 .debug_loc     0x00000000000011d2      0x902 C:/Users/victo/Documents/ENTI/4rt/Programacio_consoles/ndside/msys64/opt/devkitpro/libnds/lib\libnds9.a(sprite.o)
 .debug_loc     0x0000000000001ad4       0x15 C:/Users/victo/Documents/ENTI/4rt/Programacio_consoles/ndside/msys64/opt/devkitpro/libnds/lib\libnds9.a(keys.o)
 .debug_loc     0x0000000000001ae9       0xf0 C:/Users/victo/Documents/ENTI/4rt/Programacio_consoles/ndside/msys64/opt/devkitpro/libnds/lib\libnds9.a(initSystem.o)
 .debug_loc     0x0000000000001bd9       0x25 C:/Users/victo/Documents/ENTI/4rt/Programacio_consoles/ndside/msys64/opt/devkitpro/libnds/lib\libnds9.a(timeSupport.o)
 .debug_loc     0x0000000000001bfe      0x26c C:/Users/victo/Documents/ENTI/4rt/Programacio_consoles/ndside/msys64/opt/devkitpro/libnds/lib\libnds9.a(interrupts.o)
 .debug_loc     0x0000000000001e6a       0x64 C:/Users/victo/Documents/ENTI/4rt/Programacio_consoles/ndside/msys64/opt/devkitpro/libnds/lib\libnds9.a(libnds_exit.arm.o)
 .debug_loc     0x0000000000001ece     0x1710 C:/Users/victo/Documents/ENTI/4rt/Programacio_consoles/ndside/msys64/opt/devkitpro/libnds/lib\libnds9.a(fifosystem.o)
 .debug_loc     0x00000000000035de      0x2e5 C:/Users/victo/Documents/ENTI/4rt/Programacio_consoles/ndside/msys64/opt/devkitpro/libnds/lib\libnds9.a(video.o)
 .debug_loc     0x00000000000038c3      0x23f C:/Users/victo/Documents/ENTI/4rt/Programacio_consoles/ndside/msys64/opt/devkitpro/libnds/lib\libnds9.a(system.o)

.debug_macinfo
 *(.debug_macinfo)

.debug_weaknames
 *(.debug_weaknames)

.debug_funcnames
 *(.debug_funcnames)

.debug_typenames
 *(.debug_typenames)

.debug_varnames
 *(.debug_varnames)

.stack          0x0000000000080000        0x0
                0x0000000000080000                _stack = .
 *(.stack)
LOAD c:/users/victo/documents/enti/4rt/programacio_consoles/ndside/msys64/opt/devkitpro/devkitarm/bin/../lib/gcc/arm-none-eabi/8.3.0/../../../../arm-none-eabi/lib/thumb/ds_arm9_crt0.o
LOAD c:/users/victo/documents/enti/4rt/programacio_consoles/ndside/msys64/opt/devkitpro/devkitarm/bin/../lib/gcc/arm-none-eabi/8.3.0/thumb/crti.o
LOAD c:/users/victo/documents/enti/4rt/programacio_consoles/ndside/msys64/opt/devkitpro/devkitarm/bin/../lib/gcc/arm-none-eabi/8.3.0/thumb/crtbegin.o
LOAD flappy_yellow.o
LOAD man.o
LOAD woman.o
LOAD template.o
LOAD C:/Users/victo/Documents/ENTI/4rt/Programacio_consoles/ndside/msys64/opt/devkitpro/libnds/lib\libnds9.a
START GROUP
LOAD c:/users/victo/documents/enti/4rt/programacio_consoles/ndside/msys64/opt/devkitpro/devkitarm/bin/../lib/gcc/arm-none-eabi/8.3.0/thumb\libgcc.a
LOAD c:/users/victo/documents/enti/4rt/programacio_consoles/ndside/msys64/opt/devkitpro/devkitarm/bin/../lib/gcc/arm-none-eabi/8.3.0/../../../../arm-none-eabi/lib/thumb\libg.a
LOAD c:/users/victo/documents/enti/4rt/programacio_consoles/ndside/msys64/opt/devkitpro/devkitarm/bin/../lib/gcc/arm-none-eabi/8.3.0/../../../../arm-none-eabi/lib/thumb\libc.a
LOAD c:/users/victo/documents/enti/4rt/programacio_consoles/ndside/msys64/opt/devkitpro/devkitarm/bin/../lib/gcc/arm-none-eabi/8.3.0/../../../../arm-none-eabi/lib/thumb\libsysbase.a
END GROUP
LOAD c:/users/victo/documents/enti/4rt/programacio_consoles/ndside/msys64/opt/devkitpro/devkitarm/bin/../lib/gcc/arm-none-eabi/8.3.0/thumb/crtend.o
LOAD c:/users/victo/documents/enti/4rt/programacio_consoles/ndside/msys64/opt/devkitpro/devkitarm/bin/../lib/gcc/arm-none-eabi/8.3.0/thumb/crtn.o
OUTPUT(C:/Users/victo/Documents/ENTI/4rt/Programacio_consoles/ndside/animate_simple/animate_simple.elf elf32-littlearm)

.debug_ranges   0x0000000000000000      0xa28
 .debug_ranges  0x0000000000000000      0x130 template.o
 .debug_ranges  0x0000000000000130       0x98 C:/Users/victo/Documents/ENTI/4rt/Programacio_consoles/ndside/msys64/opt/devkitpro/libnds/lib\libnds9.a(sprite_alloc.o)
 .debug_ranges  0x00000000000001c8       0xb0 C:/Users/victo/Documents/ENTI/4rt/Programacio_consoles/ndside/msys64/opt/devkitpro/libnds/lib\libnds9.a(sprite.o)
 .debug_ranges  0x0000000000000278       0x58 C:/Users/victo/Documents/ENTI/4rt/Programacio_consoles/ndside/msys64/opt/devkitpro/libnds/lib\libnds9.a(keys.o)
 .debug_ranges  0x00000000000002d0       0x10 C:/Users/victo/Documents/ENTI/4rt/Programacio_consoles/ndside/msys64/opt/devkitpro/libnds/lib\libnds9.a(initSystem.o)
 .debug_ranges  0x00000000000002e0       0x10 C:/Users/victo/Documents/ENTI/4rt/Programacio_consoles/ndside/msys64/opt/devkitpro/libnds/lib\libnds9.a(timeSupport.o)
 .debug_ranges  0x00000000000002f0      0x100 C:/Users/victo/Documents/ENTI/4rt/Programacio_consoles/ndside/msys64/opt/devkitpro/libnds/lib\libnds9.a(interrupts.o)
 .debug_ranges  0x00000000000003f0       0x18 C:/Users/victo/Documents/ENTI/4rt/Programacio_consoles/ndside/msys64/opt/devkitpro/libnds/lib\libnds9.a(libnds_exit.arm.o)
 .debug_ranges  0x0000000000000408      0x440 C:/Users/victo/Documents/ENTI/4rt/Programacio_consoles/ndside/msys64/opt/devkitpro/libnds/lib\libnds9.a(fifosystem.o)
 .debug_ranges  0x0000000000000848       0x30 C:/Users/victo/Documents/ENTI/4rt/Programacio_consoles/ndside/msys64/opt/devkitpro/libnds/lib\libnds9.a(dcache.o)
 .debug_ranges  0x0000000000000878       0x28 C:/Users/victo/Documents/ENTI/4rt/Programacio_consoles/ndside/msys64/opt/devkitpro/libnds/lib\libnds9.a(mpu_setup.o)
 .debug_ranges  0x00000000000008a0       0x20 C:/Users/victo/Documents/ENTI/4rt/Programacio_consoles/ndside/msys64/opt/devkitpro/libnds/lib\libnds9.a(IntrWait.o)
 .debug_ranges  0x00000000000008c0       0x50 C:/Users/victo/Documents/ENTI/4rt/Programacio_consoles/ndside/msys64/opt/devkitpro/libnds/lib\libnds9.a(video.o)
 .debug_ranges  0x0000000000000910       0x58 C:/Users/victo/Documents/ENTI/4rt/Programacio_consoles/ndside/msys64/opt/devkitpro/libnds/lib\libnds9.a(system.o)
 .debug_ranges  0x0000000000000968       0xc0 C:/Users/victo/Documents/ENTI/4rt/Programacio_consoles/ndside/msys64/opt/devkitpro/libnds/lib\libnds9.a(biosCalls.o)
